Microchip MPLAB XC8 Compiler V2.45

Linker command line:

-W-3 \
  --edf=C:\Program Files\Microchip\xc8\v2.45\pic\dat\20230818022343_en.msgs \
  -cn -h+dist/default/debug\PerfBoardClock.X.debug.sym \
  --cmf=dist/default/debug\PerfBoardClock.X.debug.cmf -z -Q16LF1826 \
  -oC:\Users\Projects\AppData\Local\Temp\xcAs3hk.\driver_tmp_3.o \
  --defsym=__MPLAB_BUILD=1 --fixupoverflow=error \
  -Mdist/default/debug/PerfBoardClock.X.debug.map \
  --md=C:\Users\Projects\AppData\Local\Temp\xcAs3hk.\driver_tmp_0.dat -E1 \
  -ver=XC8 Compiler --acfsm=1493 -ACODE=00h-07FFh -ASTRCODE=00h-07FFh \
  -ASTRING=00h-0FFhx8 -ACONST=00h-0FFhx8 -AENTRY=00h-0FFhx8 \
  -ACOMMON=070h-07Fh -ABANK0=020h-06Fh -ABANK1=0A0h-0EFh \
  -ABANK2=0120h-015Fh -ABIGRAM=02000h-020DFh \
  -ARAM=020h-06Fh,0A0h-0EFh,0120h-015Fh \
  -AABS1=020h-07Fh,0A0h-0EFh,0120h-016Fh -ASFR0=00h-01Fh -ASFR1=080h-09Fh \
  -ASFR2=0100h-011Fh -ASFR3=0180h-01EFh -ASFR4=0200h-026Fh \
  -ASFR5=0280h-02EFh -ASFR6=0300h-036Fh -ASFR7=0380h-03EFh \
  -ASFR8=0400h-046Fh -ASFR9=0480h-04EFh -ASFR10=0500h-056Fh \
  -ASFR11=0580h-05EFh -ASFR12=0600h-066Fh -ASFR13=0680h-06EFh \
  -ASFR14=0700h-076Fh -ASFR15=0780h-07EFh -ASFR16=0800h-086Fh \
  -ASFR17=0880h-08EFh -ASFR18=0900h-096Fh -ASFR19=0980h-09EFh \
  -ASFR20=0A00h-0A6Fh -ASFR21=0A80h-0AEFh -ASFR22=0B00h-0B6Fh \
  -ASFR23=0B80h-0BEFh -ASFR24=0C00h-0C6Fh -ASFR25=0C80h-0CEFh \
  -ASFR26=0D00h-0D6Fh -ASFR27=0D80h-0DEFh -ASFR28=0E00h-0E6Fh \
  -ASFR29=0E80h-0EEFh -ASFR30=0F00h-0F6Fh -ASFR31=0F80h-0FEFh \
  -ACONFIG=08007h-08008h -DCONFIG=2 -AIDLOC=08000h-08003h -DIDLOC=2 \
  -AEEDATA=00h-0FFh/0F000h -peeprom_data=EEDATA -DEEDATA=2 -DCODE=2 \
  -DSTRCODE=2 -DSTRING=2 -DCONST=2 -DENTRY=2 \
  -preset_vec=00h,intentry,init,end_init -ppowerup=CODE -pcinit=CODE \
  -pfunctab=ENTRY -k \
  C:\Users\Projects\AppData\Local\Temp\xcAs3hk.\driver_tmp_15.o \
  dist/default/debug\PerfBoardClock.X.debug.o 

Object code version is 3.11

Machine type is 16LF1826



                Name                               Link     Load   Length Selector   Space Scale
C:\Users\Projects\AppData\Local\Temp\xcAs3hk.\driver_tmp_15.o
                end_init                              1        1        1        0       0
                reset_vec                             0        0        1        0       0
                config                             8007     8007        2        0       4
dist/default/debug\PerfBoardClock.X.debug.o
                cinit                               7EA      7EA       16      FD4       0
                config                             8007     8007        2        0       4
                text9                               24C      24C      59E      498       0
                text8                                F8       F8       43      1F0       0
                text7                                97       97        7      12E       0
                text6                                BD       BD       16      17A       0
                text5                                87       87        4      10E       0
                text4                                9E       9E        A      13C       0
                text3                               18E      18E       5F      31C       0
                text2                               13B      13B       53      276       0
                text1                               1ED      1ED       5F      3DA       0
                maintext                             D3       D3       25      1A6       0
                cstackBANK0                          47       47        1       20       1
                cstackCOMMON                         70       70        E       70       1
                clrtext                              8B       8B        6      116       0
                inittext                             91       91        6      122       0
                dataBANK0                            20       20       15       20       1
                bssBANK0                             35       35       10       20       1
                nvBANK0                              45       45        2       20       1
                idataBANK0                           A8       A8       15      150       0

TOTAL           Name                               Link     Load   Length     Space
        CLASS   CODE           
                end_init                              1        1        1         0
                cinit                               7EA      7EA       16         0
                reset_vec                             0        0        1         0
                text9                               24C      24C      59E         0
                text8                                F8       F8       43         0
                text7                                97       97        7         0
                text6                                BD       BD       16         0
                text5                                87       87        4         0
                text4                                9E       9E        A         0
                text3                               18E      18E       5F         0
                text2                               13B      13B       53         0
                text1                               1ED      1ED       5F         0
                maintext                             D3       D3       25         0
                clrtext                              8B       8B        6         0
                inittext                             91       91        6         0
                idataBANK0                           A8       A8       15         0

        CLASS   STRCODE        

        CLASS   STRING         

        CLASS   CONST          

        CLASS   ENTRY          

        CLASS   COMMON         
                cstackCOMMON                         70       70        E         1

        CLASS   BANK0          
                cstackBANK0                          47       47        1         1
                dataBANK0                            20       20       15         1
                bssBANK0                             35       35       10         1
                nvBANK0                              45       45        2         1

        CLASS   BANK1          

        CLASS   BANK2          

        CLASS   BIGRAM         

        CLASS   RAM            

        CLASS   ABS1           
                abs_s1                               7E       7E        2         1

        CLASS   SFR0           

        CLASS   SFR1           

        CLASS   SFR2           

        CLASS   SFR3           

        CLASS   SFR4           

        CLASS   SFR5           

        CLASS   SFR6           

        CLASS   SFR7           

        CLASS   SFR8           

        CLASS   SFR9           

        CLASS   SFR10          

        CLASS   SFR11          

        CLASS   SFR12          

        CLASS   SFR13          

        CLASS   SFR14          

        CLASS   SFR15          

        CLASS   SFR16          

        CLASS   SFR17          

        CLASS   SFR18          

        CLASS   SFR19          

        CLASS   SFR20          

        CLASS   SFR21          

        CLASS   SFR22          

        CLASS   SFR23          

        CLASS   SFR24          

        CLASS   SFR25          

        CLASS   SFR26          

        CLASS   SFR27          

        CLASS   SFR28          

        CLASS   SFR29          

        CLASS   SFR30          

        CLASS   SFR31          

        CLASS   CONFIG         
                config                             8007     8007        2         4

        CLASS   IDLOC          

        CLASS   EEDATA         

        CLASS   BANK31         

        CLASS   BANK30         

        CLASS   BANK29         

        CLASS   BANK28         

        CLASS   BANK27         

        CLASS   BANK26         

        CLASS   BANK25         

        CLASS   BANK24         

        CLASS   BANK23         

        CLASS   BANK22         

        CLASS   BANK21         

        CLASS   BANK20         

        CLASS   BANK19         

        CLASS   BANK18         

        CLASS   BANK17         

        CLASS   BANK16         

        CLASS   BANK15         

        CLASS   BANK14         

        CLASS   BANK13         

        CLASS   BANK12         

        CLASS   BANK11         

        CLASS   BANK10         

        CLASS   BANK9          

        CLASS   BANK8          

        CLASS   BANK7          

        CLASS   BANK6          

        CLASS   BANK5          

        CLASS   BANK4          

        CLASS   BANK3          

        CLASS   HEAP           

        CLASS   STACK          



SEGMENTS        Name                           Load    Length   Top    Selector   Space  Class     Delta

                reset_vec                      000000  000002  000002         0       0  CODE        2
                dataBANK0                      000020  000028  000048        20       1  BANK0       1
                cstackCOMMON                   000070  00000E  00007E        70       1  COMMON      1
                text5                          000087  000004  00008B       10E       0  CODE        2
                clrtext                        00008B  000006  000091       116       0  CODE        2
                inittext                       000091  000006  000097       122       0  CODE        2
                text7                          000097  000007  00009E       12E       0  CODE        2
                text4                          00009E  00000A  0000A8       13C       0  CODE        2
                idataBANK0                     0000A8  000015  0000BD       150       0  CODE        2
                text6                          0000BD  000016  0000D3       17A       0  CODE        2
                maintext                       0000D3  000025  0000F8       1A6       0  CODE        2
                text8                          0000F8  000043  00013B       1F0       0  CODE        2
                text2                          00013B  000053  00018E       276       0  CODE        2
                text3                          00018E  00005F  0001ED       31C       0  CODE        2
                text1                          0001ED  00005F  00024C       3DA       0  CODE        2
                text9                          00024C  00059E  0007EA       498       0  CODE        2
                cinit                          0007EA  000016  000800       FD4       0  CODE        2


UNUSED ADDRESS RANGES

        Name                Unused          Largest block    Delta
        BANK0            00048-0006F              28           1
        BANK1            000A0-000EF              50           1
        BANK2            00120-0015F              40           1
        BIGRAM           02000-020DF              E0           1
        CODE             00002-00086              85           2
        CONST            00002-00086              85           2
        EEDATA           0F000-0F0FF             100           2
        ENTRY            00002-00086              85           2
        IDLOC            08000-08003               4           2
        RAM              00048-0006F              28           1
                         000A0-000EF              50
                         00120-0015F              40
        SFR0             00000-0001F              20           1
        SFR1             00080-0009F              20           1
        SFR10            00500-0056F              70           1
        SFR11            00580-005EF              70           1
        SFR12            00600-0066F              70           1
        SFR13            00680-006EF              70           1
        SFR14            00700-0076F              70           1
        SFR15            00780-007EF              70           1
        SFR16            00800-0086F              70           1
        SFR17            00880-008EF              70           1
        SFR18            00900-0096F              70           1
        SFR19            00980-009EF              70           1
        SFR2             00100-0011F              20           1
        SFR20            00A00-00A6F              70           1
        SFR21            00A80-00AEF              70           1
        SFR22            00B00-00B6F              70           1
        SFR23            00B80-00BEF              70           1
        SFR24            00C00-00C6F              70           1
        SFR25            00C80-00CEF              70           1
        SFR26            00D00-00D6F              70           1
        SFR27            00D80-00DEF              70           1
        SFR28            00E00-00E6F              70           1
        SFR29            00E80-00EEF              70           1
        SFR3             00180-001EF              70           1
        SFR30            00F00-00F6F              70           1
        SFR31            00F80-00FEF              70           1
        SFR4             00200-0026F              70           1
        SFR5             00280-002EF              70           1
        SFR6             00300-0036F              70           1
        SFR7             00380-003EF              70           1
        SFR8             00400-0046F              70           1
        SFR9             00480-004EF              70           1
        STRCODE          00002-00086              85           2
        STRING           00002-00086              85           2

                                  Symbol Table

?___awdiv                       cstackCOMMON 00070
?___awmod                       cstackCOMMON 00070
NumBuilder@Block                cstackCOMMON 00070
NumBuilder@Output               bssBANK0     0003B
NumBuilder@character_line       cstackCOMMON 00074
NumBuilder@time                 cstackCOMMON 00071
Renderer@access_line            cstackCOMMON 00071
Renderer@left_common_line       cstackCOMMON 00076
Renderer@right_common_line      cstackCOMMON 00070
Renderer@shift_reg_outputs      cstackCOMMON 00072
Time_deconstruct@access_line    cstackBANK0  00047
Time_deconstruct@character_line bssBANK0     0003C
Time_deconstruct@hours          cstackCOMMON 00079
Time_deconstruct@minutes        cstackCOMMON 0007A
Time_deconstruct@output         cstackCOMMON 0007B
_ANSELA                         (abs)        0018C
_ANSELB                         (abs)        0018D
_APFCON0                        (abs)        0011D
_APFCON1                        (abs)        0011E
_BORCON                         (abs)        00116
_LATA                           (abs)        0010C
_LATB                           (abs)        0010D
_NumBuilder                     text9        0024C
_NumberBlocks                   dataBANK0    00020
_OPTION_REGbits                 (abs)        00095
_OSCCON                         (abs)        00099
_OSCILLATOR_Initialize          text7        00097
_OSCTUNE                        (abs)        00098
_PIN_MANAGER_Initialize         text6        000BD
_Renderer                       text8        000F8
_SYSTEM_Initialize              text4        0009E
_TRISA                          (abs)        0008C
_TRISB                          (abs)        0008D
_Time_deconstruct               text1        001ED
_WDTCON                         (abs)        00097
_WDT_Initialize                 text5        00087
_WPUA                           (abs)        0020C
_WPUB                           (abs)        0020D
__H__absolute__                 __absolute__ 00000
__Habs1                         abs1         00000
__Hbank0                        bank0        00000
__Hbank1                        bank1        00000
__Hbank10                       bank10       00000
__Hbank11                       bank11       00000
__Hbank12                       bank12       00000
__Hbank13                       bank13       00000
__Hbank14                       bank14       00000
__Hbank15                       bank15       00000
__Hbank16                       bank16       00000
__Hbank17                       bank17       00000
__Hbank18                       bank18       00000
__Hbank19                       bank19       00000
__Hbank2                        bank2        00000
__Hbank20                       bank20       00000
__Hbank21                       bank21       00000
__Hbank22                       bank22       00000
__Hbank23                       bank23       00000
__Hbank24                       bank24       00000
__Hbank25                       bank25       00000
__Hbank26                       bank26       00000
__Hbank27                       bank27       00000
__Hbank28                       bank28       00000
__Hbank29                       bank29       00000
__Hbank3                        bank3        00000
__Hbank30                       bank30       00000
__Hbank31                       bank31       00000
__Hbank4                        bank4        00000
__Hbank5                        bank5        00000
__Hbank6                        bank6        00000
__Hbank7                        bank7        00000
__Hbank8                        bank8        00000
__Hbank9                        bank9        00000
__Hbigram                       bigram       00000
__HbssBANK0                     bssBANK0     00000
__Hcinit                        cinit        00800
__Hclrtext                      clrtext      00000
__Hcode                         code         00000
__Hcommon                       common       00000
__Hconfig                       config       08009
__HcstackBANK0                  cstackBANK0  00000
__HcstackCOMMON                 cstackCOMMON 00000
__HdataBANK0                    dataBANK0    00000
__Heeprom_data                  eeprom_data  00000
__Hend_init                     end_init     00002
__Hfunctab                      functab      00000
__Hheap                         heap         00000
__HidataBANK0                   idataBANK0   00000
__Hinit                         init         00001
__Hinittext                     inittext     00000
__Hintentry                     intentry     00001
__Hmaintext                     maintext     00000
__HnvBANK0                      nvBANK0      00000
__Hpowerup                      powerup      00000
__Hram                          ram          00000
__Hreset_vec                    reset_vec    00001
__Hsfr0                         sfr0         00000
__Hsfr1                         sfr1         00000
__Hsfr10                        sfr10        00000
__Hsfr11                        sfr11        00000
__Hsfr12                        sfr12        00000
__Hsfr13                        sfr13        00000
__Hsfr14                        sfr14        00000
__Hsfr15                        sfr15        00000
__Hsfr16                        sfr16        00000
__Hsfr17                        sfr17        00000
__Hsfr18                        sfr18        00000
__Hsfr19                        sfr19        00000
__Hsfr2                         sfr2         00000
__Hsfr20                        sfr20        00000
__Hsfr21                        sfr21        00000
__Hsfr22                        sfr22        00000
__Hsfr23                        sfr23        00000
__Hsfr24                        sfr24        00000
__Hsfr25                        sfr25        00000
__Hsfr26                        sfr26        00000
__Hsfr27                        sfr27        00000
__Hsfr28                        sfr28        00000
__Hsfr29                        sfr29        00000
__Hsfr3                         sfr3         00000
__Hsfr30                        sfr30        00000
__Hsfr31                        sfr31        00000
__Hsfr4                         sfr4         00000
__Hsfr5                         sfr5         00000
__Hsfr6                         sfr6         00000
__Hsfr7                         sfr7         00000
__Hsfr8                         sfr8         00000
__Hsfr9                         sfr9         00000
__Hspace_0                      (abs)        00800
__Hspace_1                      (abs)        0007E
__Hspace_2                      (abs)        00000
__Hspace_3                      (abs)        00000
__Hspace_4                      (abs)        10010
__Hstack                        stack        00000
__Hstrings                      strings      00000
__Htext                         text         00000
__L__absolute__                 __absolute__ 00000
__Labs1                         abs1         00000
__Lbank0                        bank0        00000
__Lbank1                        bank1        00000
__Lbank10                       bank10       00000
__Lbank11                       bank11       00000
__Lbank12                       bank12       00000
__Lbank13                       bank13       00000
__Lbank14                       bank14       00000
__Lbank15                       bank15       00000
__Lbank16                       bank16       00000
__Lbank17                       bank17       00000
__Lbank18                       bank18       00000
__Lbank19                       bank19       00000
__Lbank2                        bank2        00000
__Lbank20                       bank20       00000
__Lbank21                       bank21       00000
__Lbank22                       bank22       00000
__Lbank23                       bank23       00000
__Lbank24                       bank24       00000
__Lbank25                       bank25       00000
__Lbank26                       bank26       00000
__Lbank27                       bank27       00000
__Lbank28                       bank28       00000
__Lbank29                       bank29       00000
__Lbank3                        bank3        00000
__Lbank30                       bank30       00000
__Lbank31                       bank31       00000
__Lbank4                        bank4        00000
__Lbank5                        bank5        00000
__Lbank6                        bank6        00000
__Lbank7                        bank7        00000
__Lbank8                        bank8        00000
__Lbank9                        bank9        00000
__Lbigram                       bigram       00000
__LbssBANK0                     bssBANK0     00000
__Lcinit                        cinit        007EA
__Lclrtext                      clrtext      00000
__Lcode                         code         00000
__Lcommon                       common       00000
__Lconfig                       config       00000
__LcstackBANK0                  cstackBANK0  00000
__LcstackCOMMON                 cstackCOMMON 00000
__LdataBANK0                    dataBANK0    00000
__Leeprom_data                  eeprom_data  00000
__Lend_init                     end_init     00001
__Lfunctab                      functab      00000
__Lheap                         heap         00000
__LidataBANK0                   idataBANK0   00000
__Linit                         init         00001
__Linittext                     inittext     00000
__Lintentry                     intentry     00001
__Lmaintext                     maintext     00000
__LnvBANK0                      nvBANK0      00000
__Lpowerup                      powerup      00000
__Lram                          ram          00000
__Lreset_vec                    reset_vec    00000
__Lsfr0                         sfr0         00000
__Lsfr1                         sfr1         00000
__Lsfr10                        sfr10        00000
__Lsfr11                        sfr11        00000
__Lsfr12                        sfr12        00000
__Lsfr13                        sfr13        00000
__Lsfr14                        sfr14        00000
__Lsfr15                        sfr15        00000
__Lsfr16                        sfr16        00000
__Lsfr17                        sfr17        00000
__Lsfr18                        sfr18        00000
__Lsfr19                        sfr19        00000
__Lsfr2                         sfr2         00000
__Lsfr20                        sfr20        00000
__Lsfr21                        sfr21        00000
__Lsfr22                        sfr22        00000
__Lsfr23                        sfr23        00000
__Lsfr24                        sfr24        00000
__Lsfr25                        sfr25        00000
__Lsfr26                        sfr26        00000
__Lsfr27                        sfr27        00000
__Lsfr28                        sfr28        00000
__Lsfr29                        sfr29        00000
__Lsfr3                         sfr3         00000
__Lsfr30                        sfr30        00000
__Lsfr31                        sfr31        00000
__Lsfr4                         sfr4         00000
__Lsfr5                         sfr5         00000
__Lsfr6                         sfr6         00000
__Lsfr7                         sfr7         00000
__Lsfr8                         sfr8         00000
__Lsfr9                         sfr9         00000
__Lspace_0                      (abs)        00000
__Lspace_1                      (abs)        00000
__Lspace_2                      (abs)        00000
__Lspace_3                      (abs)        00000
__Lspace_4                      (abs)        00000
__Lstack                        stack        00000
__Lstrings                      strings      00000
__Ltext                         text         00000
__S0                            (abs)        00800
__S1                            (abs)        0007E
__S3                            (abs)        00000
___awdiv                        text3        0018E
___awdiv@counter                cstackCOMMON 00075
___awdiv@dividend               cstackCOMMON 00072
___awdiv@divisor                cstackCOMMON 00070
___awdiv@quotient               cstackCOMMON 00077
___awdiv@sign                   cstackCOMMON 00076
___awmod                        text2        0013B
___awmod@counter                cstackCOMMON 00075
___awmod@dividend               cstackCOMMON 00072
___awmod@divisor                cstackCOMMON 00070
___awmod@sign                   cstackCOMMON 00076
___heap_hi                      (abs)        00000
___heap_lo                      (abs)        00000
___int_sp                       stack        00000
___int_stack_hi                 stack        00000
___int_stack_lo                 stack        00000
___latbits                      (abs)        00000
___sp                           stack        00000
___stack_hi                     stack        00000
___stack_lo                     stack        00000
___stackhi                      (abs)        00000
___stacklo                      (abs)        00000
__end_of_NumBuilder             text9        007EA
__end_of_OSCILLATOR_Initialize  text7        0009E
__end_of_PIN_MANAGER_Initialize text6        000D3
__end_of_Renderer               text8        0013B
__end_of_SYSTEM_Initialize      text4        000A8
__end_of_Time_deconstruct       text1        0024C
__end_of_WDT_Initialize         text5        0008B
__end_of___awdiv                text3        001ED
__end_of___awmod                text2        0018E
__end_of__initialization        cinit        007FE
__end_of_main                   maintext     000F8
__initialization                cinit        007EA
__pbssBANK0                     bssBANK0     00035
__pcstackBANK0                  cstackBANK0  00047
__pcstackCOMMON                 cstackCOMMON 00070
__pdataBANK0                    dataBANK0    00020
__pidataBANK0                   idataBANK0   000A8
__pmaintext                     maintext     000D3
__pnvBANK0                      nvBANK0      00045
__ptext1                        text1        001ED
__ptext2                        text2        0013B
__ptext3                        text3        0018E
__ptext4                        text4        0009E
__ptext5                        text5        00087
__ptext6                        text6        000BD
__ptext7                        text7        00097
__ptext8                        text8        000F8
__ptext9                        text9        0024C
_character_line                 nvBANK0      00045
_display_num                    nvBANK0      00046
_main                           maintext     000D3
_renderer_outputs               bssBANK0     0003D
_tod_outputs                    bssBANK0     00041
btemp                           (abs)        0007E
clear_ram0                      clrtext      0008B
end_of_initialization           cinit        007FE
init_ram                        inittext     00091
intlevel0                       functab      00000
intlevel1                       functab      00000
intlevel2                       functab      00000
intlevel3                       functab      00000
intlevel4                       functab      00000
intlevel5                       functab      00000
reset_vec                       reset_vec    00000
start                           init         00001
start_initialization            cinit        007EA
wtemp0                          (abs)        0007E


MODULE INFORMATION

Module		Function		Class		Link	Load	Size
mcc_generated_files/pin_manager.c
		_PIN_MANAGER_Initialize		CODE           	00BD	0000	22

mcc_generated_files/pin_manager.c estimated size: 22

PerfBoardClock.c
		_main          		CODE           	00D3	0000	37

PerfBoardClock.c estimated size: 37

rendering.c
		_Time_deconstruct		CODE           	01ED	0000	95
		_NumBuilder    		CODE           	024C	0000	1438
		_Renderer      		CODE           	00F8	0000	67

rendering.c estimated size: 1600

C:\Program Files\Microchip\xc8\v2.45\pic\sources\c99\common\awmod.c
		___awmod       		CODE           	013B	0000	83

C:\Program Files\Microchip\xc8\v2.45\pic\sources\c99\common\awmod.c estimated size: 83

shared
		__initialization		CODE           	07EA	0000	20

shared estimated size: 20

mcc_generated_files/mcc.c
		_WDT_Initialize		CODE           	0087	0000	4
		_OSCILLATOR_Initialize		CODE           	0097	0000	7
		_SYSTEM_Initialize		CODE           	009E	0000	10

mcc_generated_files/mcc.c estimated size: 21

C:\Program Files\Microchip\xc8\v2.45\pic\sources\c99\common\awdiv.c
		___awdiv       		CODE           	018E	0000	95

C:\Program Files\Microchip\xc8\v2.45\pic\sources\c99\common\awdiv.c estimated size: 95

