Microchip MPLAB XC8 Compiler V2.45

Linker command line:

-W-3 \
  --edf=C:\Program Files\Microchip\xc8\v2.45\pic\dat\20230818022343_en.msgs \
  -cn -h+dist/default/debug\PerfBoardClock.X.debug.sym \
  --cmf=dist/default/debug\PerfBoardClock.X.debug.cmf -z -Q16LF1826 \
  -oC:\Users\Projects\AppData\Local\Temp\xcAsueg.\driver_tmp_3.o \
  --defsym=__MPLAB_BUILD=1 --fixupoverflow=error \
  -Mdist/default/debug/PerfBoardClock.X.debug.map \
  --md=C:\Users\Projects\AppData\Local\Temp\xcAsueg.\driver_tmp_0.dat -E1 \
  -ver=XC8 Compiler --acfsm=1493 -ACODE=00h-07FFh -ASTRCODE=00h-07FFh \
  -ASTRING=00h-0FFhx8 -ACONST=00h-0FFhx8 -AENTRY=00h-0FFhx8 \
  -ACOMMON=070h-07Fh -ABANK0=020h-06Fh -ABANK1=0A0h-0EFh \
  -ABANK2=0120h-015Fh -ABIGRAM=02000h-020DFh \
  -ARAM=020h-06Fh,0A0h-0EFh,0120h-015Fh \
  -AABS1=020h-07Fh,0A0h-0EFh,0120h-016Fh -ASFR0=00h-01Fh -ASFR1=080h-09Fh \
  -ASFR2=0100h-011Fh -ASFR3=0180h-01EFh -ASFR4=0200h-026Fh \
  -ASFR5=0280h-02EFh -ASFR6=0300h-036Fh -ASFR7=0380h-03EFh \
  -ASFR8=0400h-046Fh -ASFR9=0480h-04EFh -ASFR10=0500h-056Fh \
  -ASFR11=0580h-05EFh -ASFR12=0600h-066Fh -ASFR13=0680h-06EFh \
  -ASFR14=0700h-076Fh -ASFR15=0780h-07EFh -ASFR16=0800h-086Fh \
  -ASFR17=0880h-08EFh -ASFR18=0900h-096Fh -ASFR19=0980h-09EFh \
  -ASFR20=0A00h-0A6Fh -ASFR21=0A80h-0AEFh -ASFR22=0B00h-0B6Fh \
  -ASFR23=0B80h-0BEFh -ASFR24=0C00h-0C6Fh -ASFR25=0C80h-0CEFh \
  -ASFR26=0D00h-0D6Fh -ASFR27=0D80h-0DEFh -ASFR28=0E00h-0E6Fh \
  -ASFR29=0E80h-0EEFh -ASFR30=0F00h-0F6Fh -ASFR31=0F80h-0FEFh \
  -ACONFIG=08007h-08008h -DCONFIG=2 -AIDLOC=08000h-08003h -DIDLOC=2 \
  -AEEDATA=00h-0FFh/0F000h -peeprom_data=EEDATA -DEEDATA=2 -DCODE=2 \
  -DSTRCODE=2 -DSTRING=2 -DCONST=2 -DENTRY=2 \
  -preset_vec=00h,intentry=04h,init,end_init -ppowerup=CODE -pcinit=CODE \
  -pfunctab=ENTRY -k \
  C:\Users\Projects\AppData\Local\Temp\xcAsueg.\driver_tmp_20.o \
  dist/default/debug\PerfBoardClock.X.debug.o 

Object code version is 3.11

Machine type is 16LF1826



                Name                               Link     Load   Length Selector   Space Scale
C:\Users\Projects\AppData\Local\Temp\xcAsueg.\driver_tmp_20.o
                end_init                             19       19        1        8       0
                reset_vec                             0        0        1        0       0
                config                             8007     8007        2        0       4
dist/default/debug\PerfBoardClock.X.debug.o
                cinit                                1A       1A       31        8       0
                intentry                              4        4       15        8       0
                config                             8007     8007        2        0       4
                text24                              42D      42D        1      670       0
                text23                              3CB      3CB       11      670       0
                text22                              2AE      2AE       25        8       0
                text20                              3A4      3A4       15      670       0
                text19                              2F6      2F6       22        8       0
                text18                              421      421        6      670       0
                text17                              41B      41B        6      670       0
                text16                              415      415        6      670       0
                text15                              338      338       20      670       0
                text14                              3FC      3FC        7      670       0
                text13                              38E      38E       16      670       0
                text12                              40F      40F        6      670       0
                text11                              376      376       18      670       0
                text10                              427      427        4      670       0
                text9                               3EC      3EC       10      670       0
                text8                               13B      13B       60        8       0
                text7                               1FA      1FA       54        8       0
                text6                               3B9      3B9       12      670       0
                text5                               42C      42C        1      670       0
                text4                               19B      19B       5F        8       0
                text3                                4B       4B       F0        8       0
                text2                               358      358       1E      670       0
                text1                               3DC      3DC       10      670       0
                maintext                            2D3      2D3       23        8       0
                cstackBANK0                          20       20       26       20       1
                cstackCOMMON                         70       70        8       70       1
                clrtext                             409      409        6      670       0
                inittext                            403      403        6      670       0
                dataBANK2                           120      120       30      120       1
                dataBANK1                            A0       A0       30       A0       1
                bssBANK1                             D0       D0       20       A0       1
                bssBANK0                             46       46        9       20       1
                dataCOMMON                           7A       7A        1       70       1
                bssCOMMON                            78       78        2       70       1
                stringtext1                         318      318       20      630       0
                nvBANK0                              4F       4F        8       20       1
                idataBANK2                          27E      27E       30        8       0
                idataBANK1                          24E      24E       30        8       0
                idataCOMMON                         42B      42B        1      670       0

TOTAL           Name                               Link     Load   Length     Space
        CLASS   CODE           
                end_init                             19       19        1         0
                cinit                                1A       1A       31         0
                intentry                              4        4       15         0
                reset_vec                             0        0        1         0
                text24                              42D      42D        1         0
                text23                              3CB      3CB       11         0
                text22                              2AE      2AE       25         0
                text20                              3A4      3A4       15         0
                text19                              2F6      2F6       22         0
                text18                              421      421        6         0
                text17                              41B      41B        6         0
                text16                              415      415        6         0
                text15                              338      338       20         0
                text14                              3FC      3FC        7         0
                text13                              38E      38E       16         0
                text12                              40F      40F        6         0
                text11                              376      376       18         0
                text10                              427      427        4         0
                text9                               3EC      3EC       10         0
                text8                               13B      13B       60         0
                text7                               1FA      1FA       54         0
                text6                               3B9      3B9       12         0
                text5                               42C      42C        1         0
                text4                               19B      19B       5F         0
                text3                                4B       4B       F0         0
                text2                               358      358       1E         0
                text1                               3DC      3DC       10         0
                maintext                            2D3      2D3       23         0
                clrtext                             409      409        6         0
                inittext                            403      403        6         0
                idataBANK2                          27E      27E       30         0
                idataBANK1                          24E      24E       30         0
                idataCOMMON                         42B      42B        1         0

        CLASS   STRCODE        
                stringtext1                         318      318       20         0

        CLASS   STRING         

        CLASS   CONST          

        CLASS   ENTRY          

        CLASS   COMMON         
                cstackCOMMON                         70       70        8         1
                dataCOMMON                           7A       7A        1         1
                bssCOMMON                            78       78        2         1

        CLASS   BANK0          
                cstackBANK0                          20       20       26         1
                bssBANK0                             46       46        9         1
                nvBANK0                              4F       4F        8         1

        CLASS   BANK1          
                dataBANK1                            A0       A0       30         1
                bssBANK1                             D0       D0       20         1

        CLASS   BANK2          
                dataBANK2                           120      120       30         1

        CLASS   BIGRAM         

        CLASS   RAM            

        CLASS   ABS1           
                abs_s1                               7E       7E        2         1

        CLASS   SFR0           

        CLASS   SFR1           

        CLASS   SFR2           

        CLASS   SFR3           

        CLASS   SFR4           

        CLASS   SFR5           

        CLASS   SFR6           

        CLASS   SFR7           

        CLASS   SFR8           

        CLASS   SFR9           

        CLASS   SFR10          

        CLASS   SFR11          

        CLASS   SFR12          

        CLASS   SFR13          

        CLASS   SFR14          

        CLASS   SFR15          

        CLASS   SFR16          

        CLASS   SFR17          

        CLASS   SFR18          

        CLASS   SFR19          

        CLASS   SFR20          

        CLASS   SFR21          

        CLASS   SFR22          

        CLASS   SFR23          

        CLASS   SFR24          

        CLASS   SFR25          

        CLASS   SFR26          

        CLASS   SFR27          

        CLASS   SFR28          

        CLASS   SFR29          

        CLASS   SFR30          

        CLASS   SFR31          

        CLASS   CONFIG         
                config                             8007     8007        2         4

        CLASS   IDLOC          

        CLASS   EEDATA         

        CLASS   BANK31         

        CLASS   BANK30         

        CLASS   BANK29         

        CLASS   BANK28         

        CLASS   BANK27         

        CLASS   BANK26         

        CLASS   BANK25         

        CLASS   BANK24         

        CLASS   BANK23         

        CLASS   BANK22         

        CLASS   BANK21         

        CLASS   BANK20         

        CLASS   BANK19         

        CLASS   BANK18         

        CLASS   BANK17         

        CLASS   BANK16         

        CLASS   BANK15         

        CLASS   BANK14         

        CLASS   BANK13         

        CLASS   BANK12         

        CLASS   BANK11         

        CLASS   BANK10         

        CLASS   BANK9          

        CLASS   BANK8          

        CLASS   BANK7          

        CLASS   BANK6          

        CLASS   BANK5          

        CLASS   BANK4          

        CLASS   BANK3          

        CLASS   HEAP           

        CLASS   STACK          



SEGMENTS        Name                           Load    Length   Top    Selector   Space  Class     Delta

                reset_vec                      000000  000001  000001         0       0  CODE        2
                intentry                       000004  000314  000318         8       0  CODE        2
                cstackBANK0                    000020  000037  000057        20       1  BANK0       1
                cstackCOMMON                   000070  00000B  00007B        70       1  COMMON      1
                dataBANK1                      0000A0  000050  0000F0        A0       1  BANK1       1
                dataBANK2                      000120  000030  000150       120       1  BANK2       1
                stringtext1                    000318  000020  000338       630       0  STRCODE     2
                text15                         000338  0000F6  00042E       670       0  CODE        2


UNUSED ADDRESS RANGES

        Name                Unused          Largest block    Delta
        BANK0            00057-0006F              19           1
        BANK2            00150-0015F              10           1
        BIGRAM           02000-020DF              E0           1
        CODE             00001-00003               3           2
                         0042E-007FF             3D2
        COMMON           0007B-0007D               3           1
        CONST            00001-00003               3           2
                         0042E-007FF             100
        EEDATA           0F000-0F0FF             100           2
        ENTRY            00001-00003               3           2
                         0042E-007FF             100
        IDLOC            08000-08003               4           2
        RAM              00057-0006F              19           1
                         00150-0015F              10
        SFR0             00000-0001F              20           1
        SFR1             00080-0009F              20           1
        SFR10            00500-0056F              70           1
        SFR11            00580-005EF              70           1
        SFR12            00600-0066F              70           1
        SFR13            00680-006EF              70           1
        SFR14            00700-0076F              70           1
        SFR15            00780-007EF              70           1
        SFR16            00800-0086F              70           1
        SFR17            00880-008EF              70           1
        SFR18            00900-0096F              70           1
        SFR19            00980-009EF              70           1
        SFR2             00100-0011F              20           1
        SFR20            00A00-00A6F              70           1
        SFR21            00A80-00AEF              70           1
        SFR22            00B00-00B6F              70           1
        SFR23            00B80-00BEF              70           1
        SFR24            00C00-00C6F              70           1
        SFR25            00C80-00CEF              70           1
        SFR26            00D00-00D6F              70           1
        SFR27            00D80-00DEF              70           1
        SFR28            00E00-00E6F              70           1
        SFR29            00E80-00EEF              70           1
        SFR3             00180-001EF              70           1
        SFR30            00F00-00F6F              70           1
        SFR31            00F80-00FEF              70           1
        SFR4             00200-0026F              70           1
        SFR5             00280-002EF              70           1
        SFR6             00300-0036F              70           1
        SFR7             00380-003EF              70           1
        SFR8             00400-0046F              70           1
        SFR9             00480-004EF              70           1
        STRCODE          00001-00003               3           2
                         0042E-007FF             3D2
        STRING           00001-00003               3           2
                         0042E-007FF             100

                                  Symbol Table

?___awdiv                                      cstackCOMMON 00073
?___awmod                                      cstackCOMMON 00073
?_abs                                          cstackBANK0  00022
?_printf                                       cstackBANK0  0003E
?_vfprintf                                     cstackBANK0  00036
ComLn_Extract_Data@Character                   cstackCOMMON 00077
ComLn_Extract_Data@ColData                     cstackBANK0  00023
ComLn_Extract_Data@Column                      cstackBANK0  00022
ComLn_Extract_Data@i                           cstackBANK0  00024
EUSART_SetErrorHandler@interruptHandler        cstackCOMMON 00073
EUSART_SetFramingErrorHandler@interruptHandler cstackCOMMON 00073
EUSART_SetOverrunErrorHandler@interruptHandler cstackCOMMON 00073
TMR1_SetInterruptHandler@InterruptHandler      cstackCOMMON 00073
TMR1_WriteTimer@timerVal                       cstackCOMMON 00070
_ANSELA                                        (abs)        0018C
_ANSELB                                        (abs)        0018D
_APFCON0                                       (abs)        0011D
_APFCON1                                       (abs)        0011E
_BAUDCON                                       (abs)        0019F
_BORCON                                        (abs)        00116
_ComLn_Extract_Data                            text19       002F6
_CommonLine                                    bssBANK0     0004D
_EUSART_DefaultErrorHandler                    (abs)        00000
_EUSART_DefaultFramingErrorHandler             (abs)        00000
_EUSART_DefaultOverrunErrorHandler             (abs)        00000
_EUSART_ErrorHandler                           nvBANK0      0004F
_EUSART_FramingErrorHandler                    nvBANK0      00053
_EUSART_Initialize                             text15       00338
_EUSART_OverrunErrorHandler                    nvBANK0      00051
_EUSART_SetErrorHandler                        text18       00421
_EUSART_SetFramingErrorHandler                 text17       0041B
_EUSART_SetOverrunErrorHandler                 text16       00415
_INTCONbits                                    (abs)        0000B
_INTERRUPT_InterruptManager                    intentry     00004
_LATA                                          (abs)        0010C
_LATB                                          (abs)        0010D
_NewDataFlag                                   bssCOMMON    00078
_OPTION_REGbits                                (abs)        00095
_OSCCON                                        (abs)        00099
_OSCILLATOR_Initialize                         text14       003FC
_OSCTUNE                                       (abs)        00098
_PIE1bits                                      (abs)        00091
_PIN_MANAGER_Initialize                        text13       0038E
_PIR1bits                                      (abs)        00011
_RCREG                                         (abs)        00199
_RCSTA                                         (abs)        0019D
_RCSTAbits                                     (abs)        0019D
_SPBRGH                                        (abs)        0019C
_SPBRGL                                        (abs)        0019B
_SYSTEM_Initialize                             text9        003EC
_T1CON                                         (abs)        00018
_T1CONbits                                     (abs)        00018
_T1GCON                                        (abs)        00019
_T1GCONbits                                    (abs)        00019
_TMR1H                                         (abs)        00017
_TMR1L                                         (abs)        00016
_TMR1_DefaultInterruptHandler                  text24       0042D
_TMR1_ISR                                      text22       002AE
_TMR1_Initialize                               text11       00376
_TMR1_InterruptHandler                         nvBANK0      00055
_TMR1_SetInterruptHandler                      text12       0040F
_TMR1_WriteTimer                               text23       003CB
_TRISA                                         (abs)        0008C
_TRISB                                         (abs)        0008D
_TXREG                                         (abs)        0019A
_TXSTA                                         (abs)        0019E
_TXSTAbits                                     (abs)        0019E
_WDTCON                                        (abs)        00097
_WDT_Initialize                                text10       00427
_WPUA                                          (abs)        0020C
_WPUB                                          (abs)        0020D
_ZeroChar                                      dataBANK1    000A0
__H__absolute__                                __absolute__ 00000
__Habs1                                        abs1         00000
__Hbank0                                       bank0        00000
__Hbank1                                       bank1        00000
__Hbank10                                      bank10       00000
__Hbank11                                      bank11       00000
__Hbank12                                      bank12       00000
__Hbank13                                      bank13       00000
__Hbank14                                      bank14       00000
__Hbank15                                      bank15       00000
__Hbank16                                      bank16       00000
__Hbank17                                      bank17       00000
__Hbank18                                      bank18       00000
__Hbank19                                      bank19       00000
__Hbank2                                       bank2        00000
__Hbank20                                      bank20       00000
__Hbank21                                      bank21       00000
__Hbank22                                      bank22       00000
__Hbank23                                      bank23       00000
__Hbank24                                      bank24       00000
__Hbank25                                      bank25       00000
__Hbank26                                      bank26       00000
__Hbank27                                      bank27       00000
__Hbank28                                      bank28       00000
__Hbank29                                      bank29       00000
__Hbank3                                       bank3        00000
__Hbank30                                      bank30       00000
__Hbank31                                      bank31       00000
__Hbank4                                       bank4        00000
__Hbank5                                       bank5        00000
__Hbank6                                       bank6        00000
__Hbank7                                       bank7        00000
__Hbank8                                       bank8        00000
__Hbank9                                       bank9        00000
__Hbigram                                      bigram       00000
__HbssBANK0                                    bssBANK0     00000
__HbssBANK1                                    bssBANK1     00000
__HbssCOMMON                                   bssCOMMON    00000
__Hcinit                                       cinit        0004B
__Hclrtext                                     clrtext      00000
__Hcode                                        code         00000
__Hcommon                                      common       00000
__Hconfig                                      config       08009
__HcstackBANK0                                 cstackBANK0  00000
__HcstackCOMMON                                cstackCOMMON 00000
__HdataBANK1                                   dataBANK1    00000
__HdataBANK2                                   dataBANK2    00000
__HdataCOMMON                                  dataCOMMON   00000
__Heeprom_data                                 eeprom_data  00000
__Hend_init                                    end_init     0001A
__Hfunctab                                     functab      00000
__Hheap                                        heap         00000
__HidataBANK1                                  idataBANK1   00000
__HidataBANK2                                  idataBANK2   00000
__HidataCOMMON                                 idataCOMMON  00000
__Hinit                                        init         00019
__Hinittext                                    inittext     00000
__Hintentry                                    intentry     00019
__Hmaintext                                    maintext     00000
__HnvBANK0                                     nvBANK0      00000
__Hpowerup                                     powerup      00000
__Hram                                         ram          00000
__Hreset_vec                                   reset_vec    00001
__Hsfr0                                        sfr0         00000
__Hsfr1                                        sfr1         00000
__Hsfr10                                       sfr10        00000
__Hsfr11                                       sfr11        00000
__Hsfr12                                       sfr12        00000
__Hsfr13                                       sfr13        00000
__Hsfr14                                       sfr14        00000
__Hsfr15                                       sfr15        00000
__Hsfr16                                       sfr16        00000
__Hsfr17                                       sfr17        00000
__Hsfr18                                       sfr18        00000
__Hsfr19                                       sfr19        00000
__Hsfr2                                        sfr2         00000
__Hsfr20                                       sfr20        00000
__Hsfr21                                       sfr21        00000
__Hsfr22                                       sfr22        00000
__Hsfr23                                       sfr23        00000
__Hsfr24                                       sfr24        00000
__Hsfr25                                       sfr25        00000
__Hsfr26                                       sfr26        00000
__Hsfr27                                       sfr27        00000
__Hsfr28                                       sfr28        00000
__Hsfr29                                       sfr29        00000
__Hsfr3                                        sfr3         00000
__Hsfr30                                       sfr30        00000
__Hsfr31                                       sfr31        00000
__Hsfr4                                        sfr4         00000
__Hsfr5                                        sfr5         00000
__Hsfr6                                        sfr6         00000
__Hsfr7                                        sfr7         00000
__Hsfr8                                        sfr8         00000
__Hsfr9                                        sfr9         00000
__Hspace_0                                     (abs)        0042E
__Hspace_1                                     (abs)        00150
__Hspace_2                                     (abs)        00000
__Hspace_3                                     (abs)        00000
__Hspace_4                                     (abs)        10010
__Hstack                                       stack        00000
__Hstrings                                     strings      00000
__Hstringtext1                                 stringtext1  00000
__Hstringtext2                                 stringtext2  00000
__Htext                                        text         00000
__L__absolute__                                __absolute__ 00000
__Labs1                                        abs1         00000
__Lbank0                                       bank0        00000
__Lbank1                                       bank1        00000
__Lbank10                                      bank10       00000
__Lbank11                                      bank11       00000
__Lbank12                                      bank12       00000
__Lbank13                                      bank13       00000
__Lbank14                                      bank14       00000
__Lbank15                                      bank15       00000
__Lbank16                                      bank16       00000
__Lbank17                                      bank17       00000
__Lbank18                                      bank18       00000
__Lbank19                                      bank19       00000
__Lbank2                                       bank2        00000
__Lbank20                                      bank20       00000
__Lbank21                                      bank21       00000
__Lbank22                                      bank22       00000
__Lbank23                                      bank23       00000
__Lbank24                                      bank24       00000
__Lbank25                                      bank25       00000
__Lbank26                                      bank26       00000
__Lbank27                                      bank27       00000
__Lbank28                                      bank28       00000
__Lbank29                                      bank29       00000
__Lbank3                                       bank3        00000
__Lbank30                                      bank30       00000
__Lbank31                                      bank31       00000
__Lbank4                                       bank4        00000
__Lbank5                                       bank5        00000
__Lbank6                                       bank6        00000
__Lbank7                                       bank7        00000
__Lbank8                                       bank8        00000
__Lbank9                                       bank9        00000
__Lbigram                                      bigram       00000
__LbssBANK0                                    bssBANK0     00000
__LbssBANK1                                    bssBANK1     00000
__LbssCOMMON                                   bssCOMMON    00000
__Lcinit                                       cinit        0001A
__Lclrtext                                     clrtext      00000
__Lcode                                        code         00000
__Lcommon                                      common       00000
__Lconfig                                      config       00000
__LcstackBANK0                                 cstackBANK0  00000
__LcstackCOMMON                                cstackCOMMON 00000
__LdataBANK1                                   dataBANK1    00000
__LdataBANK2                                   dataBANK2    00000
__LdataCOMMON                                  dataCOMMON   00000
__Leeprom_data                                 eeprom_data  00000
__Lend_init                                    end_init     00019
__Lfunctab                                     functab      00000
__Lheap                                        heap         00000
__LidataBANK1                                  idataBANK1   00000
__LidataBANK2                                  idataBANK2   00000
__LidataCOMMON                                 idataCOMMON  00000
__Linit                                        init         00019
__Linittext                                    inittext     00000
__Lintentry                                    intentry     00004
__Lmaintext                                    maintext     00000
__LnvBANK0                                     nvBANK0      00000
__Lpowerup                                     powerup      00000
__Lram                                         ram          00000
__Lreset_vec                                   reset_vec    00000
__Lsfr0                                        sfr0         00000
__Lsfr1                                        sfr1         00000
__Lsfr10                                       sfr10        00000
__Lsfr11                                       sfr11        00000
__Lsfr12                                       sfr12        00000
__Lsfr13                                       sfr13        00000
__Lsfr14                                       sfr14        00000
__Lsfr15                                       sfr15        00000
__Lsfr16                                       sfr16        00000
__Lsfr17                                       sfr17        00000
__Lsfr18                                       sfr18        00000
__Lsfr19                                       sfr19        00000
__Lsfr2                                        sfr2         00000
__Lsfr20                                       sfr20        00000
__Lsfr21                                       sfr21        00000
__Lsfr22                                       sfr22        00000
__Lsfr23                                       sfr23        00000
__Lsfr24                                       sfr24        00000
__Lsfr25                                       sfr25        00000
__Lsfr26                                       sfr26        00000
__Lsfr27                                       sfr27        00000
__Lsfr28                                       sfr28        00000
__Lsfr29                                       sfr29        00000
__Lsfr3                                        sfr3         00000
__Lsfr30                                       sfr30        00000
__Lsfr31                                       sfr31        00000
__Lsfr4                                        sfr4         00000
__Lsfr5                                        sfr5         00000
__Lsfr6                                        sfr6         00000
__Lsfr7                                        sfr7         00000
__Lsfr8                                        sfr8         00000
__Lsfr9                                        sfr9         00000
__Lspace_0                                     (abs)        00000
__Lspace_1                                     (abs)        00000
__Lspace_2                                     (abs)        00000
__Lspace_3                                     (abs)        00000
__Lspace_4                                     (abs)        00000
__Lstack                                       stack        00000
__Lstrings                                     strings      00000
__Lstringtext1                                 stringtext1  00000
__Lstringtext2                                 stringtext2  00000
__Ltext                                        text         00000
__S0                                           (abs)        0042E
__S1                                           (abs)        00150
__S3                                           (abs)        00000
___awdiv                                       text8        0013B
___awdiv@counter                               cstackBANK0  00020
___awdiv@dividend                              cstackCOMMON 00075
___awdiv@divisor                               cstackCOMMON 00073
___awdiv@quotient                              cstackBANK0  00022
___awdiv@sign                                  cstackBANK0  00021
___awmod                                       text7        001FA
___awmod@counter                               cstackBANK0  00020
___awmod@dividend                              cstackCOMMON 00075
___awmod@divisor                               cstackCOMMON 00073
___awmod@sign                                  cstackBANK0  00021
___bmul                                        text20       003A4
___bmul@multiplicand                           cstackCOMMON 00073
___bmul@multiplier                             cstackCOMMON 00076
___bmul@product                                cstackCOMMON 00075
___heap_hi                                     (abs)        00000
___heap_lo                                     (abs)        00000
___int_sp                                      stack        00000
___int_stack_hi                                stack        00000
___int_stack_lo                                stack        00000
___latbits                                     (abs)        00000
___sp                                          stack        00000
___stack_hi                                    stack        00000
___stack_lo                                    stack        00000
___stackhi                                     (abs)        00000
___stacklo                                     (abs)        00000
__end_of_ComLn_Extract_Data                    text19       00318
__end_of_EUSART_Initialize                     text15       00358
__end_of_EUSART_SetErrorHandler                text18       00427
__end_of_EUSART_SetFramingErrorHandler         text17       00421
__end_of_EUSART_SetOverrunErrorHandler         text16       0041B
__end_of_INTERRUPT_InterruptManager            intentry     00019
__end_of_OSCILLATOR_Initialize                 text14       00403
__end_of_PIN_MANAGER_Initialize                text13       003A4
__end_of_SYSTEM_Initialize                     text9        003FC
__end_of_TMR1_DefaultInterruptHandler          text24       0042E
__end_of_TMR1_ISR                              text22       002D3
__end_of_TMR1_Initialize                       text11       0038E
__end_of_TMR1_SetInterruptHandler              text12       00415
__end_of_TMR1_WriteTimer                       text23       003DC
__end_of_WDT_Initialize                        text10       0042B
__end_of___awdiv                               text8        0019B
__end_of___awmod                               text7        0024E
__end_of___bmul                                text20       003B9
__end_of__initialization                       cinit        00048
__end_of_abs                                   text6        003CB
__end_of_fputc                                 text4        001FA
__end_of_main                                  maintext     002F6
__end_of_printf                                text1        003EC
__end_of_putch                                 text5        0042D
__end_of_vfpfcnvrt                             text3        0013B
__end_of_vfprintf                              text2        00376
__initialization                               cinit        0001A
__pbssBANK0                                    bssBANK0     00046
__pbssBANK1                                    bssBANK1     000D0
__pbssCOMMON                                   bssCOMMON    00078
__pcstackBANK0                                 cstackBANK0  00020
__pcstackCOMMON                                cstackCOMMON 00070
__pdataBANK1                                   dataBANK1    000A0
__pdataBANK2                                   dataBANK2    00120
__pdataCOMMON                                  dataCOMMON   0007A
__pidataBANK1                                  idataBANK1   0024E
__pidataBANK2                                  idataBANK2   0027E
__pidataCOMMON                                 idataCOMMON  0042B
__pintentry                                    intentry     00004
__pmaintext                                    maintext     002D3
__pnvBANK0                                     nvBANK0      0004F
__pstringtext1                                 stringtext1  00318
__pstringtext2                                 stringtext2  00000
__ptext1                                       text1        003DC
__ptext10                                      text10       00427
__ptext11                                      text11       00376
__ptext12                                      text12       0040F
__ptext13                                      text13       0038E
__ptext14                                      text14       003FC
__ptext15                                      text15       00338
__ptext16                                      text16       00415
__ptext17                                      text17       0041B
__ptext18                                      text18       00421
__ptext19                                      text19       002F6
__ptext2                                       text2        00358
__ptext20                                      text20       003A4
__ptext22                                      text22       002AE
__ptext23                                      text23       003CB
__ptext24                                      text24       0042D
__ptext3                                       text3        0004B
__ptext4                                       text4        0019B
__ptext5                                       text5        0042C
__ptext6                                       text6        003B9
__ptext7                                       text7        001FA
__ptext8                                       text8        0013B
__ptext9                                       text9        003EC
_abs                                           text6        003B9
_column                                        dataCOMMON   0007A
_dbuf                                          bssBANK1     000D0
_eusartRxLastError                             bssCOMMON    00079
_flags                                         bssBANK0     0004C
_fputc                                         text4        0019B
_main                                          maintext     002D3
_prec                                          bssBANK0     00048
_printf                                        text1        003DC
_putch                                         text5        0042C
_timer1ReloadVal                               bssBANK0     0004A
_vfpfcnvrt                                     text3        0004B
_vfprintf                                      text2        00358
_width                                         bssBANK0     00046
abs@a                                          cstackBANK0  00022
btemp                                          (abs)        0007E
clear_ram0                                     clrtext      00409
end_of_initialization                          cinit        00048
fputc@c                                        cstackCOMMON 00073
fputc@fp                                       cstackCOMMON 00075
init_ram                                       inittext     00403
int$flags                                      (abs)        0007E
intlevel0                                      functab      00000
intlevel1                                      functab      00000
intlevel2                                      functab      00000
intlevel3                                      functab      00000
intlevel4                                      functab      00000
intlevel5                                      functab      00000
main@ColData                                   cstackBANK0  00045
printf@ap                                      cstackBANK0  00042
printf@fmt                                     cstackBANK0  0003E
reset_vec                                      reset_vec    00000
start                                          init         00019
start_initialization                           cinit        0001A
vfpfcnvrt@ap                                   cstackBANK0  00029
vfpfcnvrt@c                                    cstackBANK0  00035
vfpfcnvrt@convarg                              cstackBANK0  00031
vfpfcnvrt@cp                                   cstackBANK0  0002F
vfpfcnvrt@done                                 cstackBANK0  0002E
vfpfcnvrt@fmt                                  cstackBANK0  00028
vfpfcnvrt@fp                                   cstackBANK0  00026
vfprintf@ap                                    cstackBANK0  0003A
vfprintf@cfmt                                  cstackBANK0  0003C
vfprintf@fmt                                   cstackBANK0  00038
vfprintf@fp                                    cstackBANK0  00036
wtemp0                                         (abs)        0007E


MODULE INFORMATION

Module		Function		Class		Link	Load	Size
C:\Program Files\Microchip\xc8\v2.45\pic\sources\c99\common\Umul8.c
		___bmul        		CODE           	03A4	0000	21

C:\Program Files\Microchip\xc8\v2.45\pic\sources\c99\common\Umul8.c estimated size: 21

mcc_generated_files/interrupt_manager.c
		_INTERRUPT_InterruptManager		CODE           	0004	0000	21

mcc_generated_files/interrupt_manager.c estimated size: 21

mcc_generated_files/pin_manager.c
		_PIN_MANAGER_Initialize		CODE           	038E	0000	22

mcc_generated_files/pin_manager.c estimated size: 22

C:\Program Files\Microchip\xc8\v2.45\pic\sources\c99\common\printf.c
		_printf        		CODE           	03DC	0000	16

C:\Program Files\Microchip\xc8\v2.45\pic\sources\c99\common\printf.c estimated size: 16

C:\Program Files\Microchip\xc8\v2.45\pic\sources\c99\common\awmod.c
		___awmod       		CODE           	01FA	0000	84

C:\Program Files\Microchip\xc8\v2.45\pic\sources\c99\common\awmod.c estimated size: 84

C:\Program Files\Microchip\xc8\v2.45\pic\sources\c99\common\putch.c
		_putch         		CODE           	042C	0000	1

C:\Program Files\Microchip\xc8\v2.45\pic\sources\c99\common\putch.c estimated size: 1

shared
		__initialization		CODE           	001A	0000	46

shared estimated size: 46

C:\Program Files\Microchip\xc8\v2.45\pic\sources\c99\common\abs.c
		_abs           		CODE           	03B9	0000	18

C:\Program Files\Microchip\xc8\v2.45\pic\sources\c99\common\abs.c estimated size: 18

mcc_generated_files/mcc.c
		_WDT_Initialize		CODE           	0427	0000	4
		_OSCILLATOR_Initialize		CODE           	03FC	0000	7
		_SYSTEM_Initialize		CODE           	03EC	0000	16

mcc_generated_files/mcc.c estimated size: 27

mcc_generated_files/tmr1.c
		_TMR1_Initialize		CODE           	0376	0000	24
		_TMR1_SetInterruptHandler		CODE           	040F	0000	6
		_TMR1_DefaultInterruptHandler		CODE           	042D	0000	1
		_TMR1_WriteTimer		CODE           	03CB	0000	17

mcc_generated_files/tmr1.c estimated size: 48

mcc_generated_files/eusart.c
		_EUSART_Initialize		CODE           	0338	0000	32
		_EUSART_SetFramingErrorHandler		CODE           	041B	0000	6
		_EUSART_SetErrorHandler		CODE           	0421	0000	6
		_EUSART_SetOverrunErrorHandler		CODE           	0415	0000	6

mcc_generated_files/eusart.c estimated size: 50

main.c
		_main          		CODE           	02D3	0000	35
		_ComLn_Extract_Data		CODE           	02F6	0000	34
		_TMR1_ISR      		CODE           	02AE	0000	37

main.c estimated size: 106

C:\Program Files\Microchip\xc8\v2.45\pic\sources\c99\common\nf_fputc.c
		_fputc         		CODE           	019B	0000	95

C:\Program Files\Microchip\xc8\v2.45\pic\sources\c99\common\nf_fputc.c estimated size: 95

C:\Program Files\Microchip\xc8\v2.45\pic\sources\c99\common\doprnt.c
		_vfpfcnvrt     		CODE           	004B	0000	240
		_vfprintf      		CODE           	0358	0000	30

C:\Program Files\Microchip\xc8\v2.45\pic\sources\c99\common\doprnt.c estimated size: 270

C:\Program Files\Microchip\xc8\v2.45\pic\sources\c99\common\awdiv.c
		___awdiv       		CODE           	013B	0000	96

C:\Program Files\Microchip\xc8\v2.45\pic\sources\c99\common\awdiv.c estimated size: 96

