Microchip MPLAB XC8 Compiler V2.45

Linker command line:

-W-3 \
  --edf=C:\Program Files\Microchip\xc8\v2.45\pic\dat\20230818022343_en.msgs \
  -cn -h+.ca/dist/Config_2/production\MPLAB.production.sym \
  --cmf=.ca/dist/Config_2/production\MPLAB.production.cmf -z -Q16LF1826 \
  -oC:\Users\Projects\AppData\Local\Temp\xcAs1028.\driver_tmp_3.o \
  --defsym=__MPLAB_BUILD=1 --fixupoverflow=error \
  -M.ca/dist/Config_2/production/MPLAB.production.map \
  --md=C:\Users\Projects\AppData\Local\Temp\xcAs1028.\driver_tmp_0.dat -E1 \
  -ver=XC8 Compiler --acfsm=1493 -ACODE=00h-07FFh -ASTRCODE=00h-07FFh \
  -ASTRING=00h-0FFhx8 -ACONST=00h-0FFhx8 -AENTRY=00h-0FFhx8 \
  -ACOMMON=070h-07Fh -ABANK0=020h-06Fh -ABANK1=0A0h-0EFh \
  -ABANK2=0120h-016Fh -ABIGRAM=02000h-020EFh \
  -ARAM=020h-06Fh,0A0h-0EFh,0120h-016Fh \
  -AABS1=020h-07Fh,0A0h-0EFh,0120h-016Fh -ASFR0=00h-01Fh -ASFR1=080h-09Fh \
  -ASFR2=0100h-011Fh -ASFR3=0180h-01EFh -ASFR4=0200h-026Fh \
  -ASFR5=0280h-02EFh -ASFR6=0300h-036Fh -ASFR7=0380h-03EFh \
  -ASFR8=0400h-046Fh -ASFR9=0480h-04EFh -ASFR10=0500h-056Fh \
  -ASFR11=0580h-05EFh -ASFR12=0600h-066Fh -ASFR13=0680h-06EFh \
  -ASFR14=0700h-076Fh -ASFR15=0780h-07EFh -ASFR16=0800h-086Fh \
  -ASFR17=0880h-08EFh -ASFR18=0900h-096Fh -ASFR19=0980h-09EFh \
  -ASFR20=0A00h-0A6Fh -ASFR21=0A80h-0AEFh -ASFR22=0B00h-0B6Fh \
  -ASFR23=0B80h-0BEFh -ASFR24=0C00h-0C6Fh -ASFR25=0C80h-0CEFh \
  -ASFR26=0D00h-0D6Fh -ASFR27=0D80h-0DEFh -ASFR28=0E00h-0E6Fh \
  -ASFR29=0E80h-0EEFh -ASFR30=0F00h-0F6Fh -ASFR31=0F80h-0FEFh \
  -ACONFIG=08007h-08008h -DCONFIG=2 -AIDLOC=08000h-08003h -DIDLOC=2 \
  -AEEDATA=00h-0FFh/0F000h -peeprom_data=EEDATA -DEEDATA=2 -DCODE=2 \
  -DSTRCODE=2 -DSTRING=2 -DCONST=2 -DENTRY=2 \
  -preset_vec=00h,intentry,init,end_init -ppowerup=CODE -pcinit=CODE \
  -pfunctab=ENTRY -k \
  C:\Users\Projects\AppData\Local\Temp\xcAs1028.\driver_tmp_15.o \
  .ca/dist/Config_2/production\MPLAB.production.o 

Object code version is 3.11

Machine type is 16LF1826



                Name                               Link     Load   Length Selector   Space Scale
C:\Users\Projects\AppData\Local\Temp\xcAs1028.\driver_tmp_15.o
                end_init                              1        1        1        0       0
                reset_vec                             0        0        1        0       0
                config                             8007     8007        2        0       4
.ca/dist/Config_2/production\MPLAB.production.o
                cinit                               7EC      7EC       14      FD8       0
                config                             8007     8007        2        0       4
                text16                              6AE      6AE        B      D5C       0
                text15                              671      671        4      CE2       0
                text14                              6B9      6B9       11      D72       0
                text13                              6DF      6DF       16      DBE       0
                text12                              679      679        5      CF2       0
                text11                              683      683        6      D06       0
                text10                              67E      67E        5      CFC       0
                text9                               689      689        6      D12       0
                text8                               70B      70B       27      E16       0
                text7                               6A7      6A7        7      D4E       0
                text6                               6F5      6F5       16      DEA       0
                text5                               68F      68F        6      D1E       0
                text4                               6CA      6CA       15      D94       0
                text3                               675      675        4      CEA       0
                text2                               695      695        6      D2A       0
                text1                               66F      66F        2      CDE       0
                maintext                            760      760       8C      EC0       0
                cstackCOMMON                         70       70        C       70       1
                clrtext                             69B      69B        6      D36       0
                inittext                            6A1      6A1        6      D42       0
                dataBANK0                            20       20       2E       20       1
                bssBANK0                             4E       4E       18       20       1
                bssCOMMON                            7C       7C        2       70       1
                nvBANK0                              66       66        A       20       1
                idataBANK0                          732      732       2E      E64       0

TOTAL           Name                               Link     Load   Length     Space
        CLASS   CODE           
                end_init                              1        1        1         0
                cinit                               7EC      7EC       14         0
                reset_vec                             0        0        1         0
                text16                              6AE      6AE        B         0
                text15                              671      671        4         0
                text14                              6B9      6B9       11         0
                text13                              6DF      6DF       16         0
                text12                              679      679        5         0
                text11                              683      683        6         0
                text10                              67E      67E        5         0
                text9                               689      689        6         0
                text8                               70B      70B       27         0
                text7                               6A7      6A7        7         0
                text6                               6F5      6F5       16         0
                text5                               68F      68F        6         0
                text4                               6CA      6CA       15         0
                text3                               675      675        4         0
                text2                               695      695        6         0
                text1                               66F      66F        2         0
                maintext                            760      760       8C         0
                clrtext                             69B      69B        6         0
                inittext                            6A1      6A1        6         0
                idataBANK0                          732      732       2E         0

        CLASS   STRCODE        

        CLASS   STRING         

        CLASS   CONST          

        CLASS   ENTRY          

        CLASS   COMMON         
                cstackCOMMON                         70       70        C         1
                bssCOMMON                            7C       7C        2         1

        CLASS   BANK0          
                dataBANK0                            20       20       2E         1
                bssBANK0                             4E       4E       18         1
                nvBANK0                              66       66        A         1

        CLASS   BANK1          

        CLASS   BANK2          

        CLASS   BIGRAM         

        CLASS   RAM            

        CLASS   ABS1           
                abs_s1                               7E       7E        2         1

        CLASS   SFR0           

        CLASS   SFR1           

        CLASS   SFR2           

        CLASS   SFR3           

        CLASS   SFR4           

        CLASS   SFR5           

        CLASS   SFR6           

        CLASS   SFR7           

        CLASS   SFR8           

        CLASS   SFR9           

        CLASS   SFR10          

        CLASS   SFR11          

        CLASS   SFR12          

        CLASS   SFR13          

        CLASS   SFR14          

        CLASS   SFR15          

        CLASS   SFR16          

        CLASS   SFR17          

        CLASS   SFR18          

        CLASS   SFR19          

        CLASS   SFR20          

        CLASS   SFR21          

        CLASS   SFR22          

        CLASS   SFR23          

        CLASS   SFR24          

        CLASS   SFR25          

        CLASS   SFR26          

        CLASS   SFR27          

        CLASS   SFR28          

        CLASS   SFR29          

        CLASS   SFR30          

        CLASS   SFR31          

        CLASS   CONFIG         
                config                             8007     8007        2         4

        CLASS   IDLOC          

        CLASS   EEDATA         

        CLASS   BANK31         

        CLASS   BANK30         

        CLASS   BANK29         

        CLASS   BANK28         

        CLASS   BANK27         

        CLASS   BANK26         

        CLASS   BANK25         

        CLASS   BANK24         

        CLASS   BANK23         

        CLASS   BANK22         

        CLASS   BANK21         

        CLASS   BANK20         

        CLASS   BANK19         

        CLASS   BANK18         

        CLASS   BANK17         

        CLASS   BANK16         

        CLASS   BANK15         

        CLASS   BANK14         

        CLASS   BANK13         

        CLASS   BANK12         

        CLASS   BANK11         

        CLASS   BANK10         

        CLASS   BANK9          

        CLASS   BANK8          

        CLASS   BANK7          

        CLASS   BANK6          

        CLASS   BANK5          

        CLASS   BANK4          

        CLASS   BANK3          

        CLASS   HEAP           

        CLASS   STACK          



SEGMENTS        Name                           Load    Length   Top    Selector   Space  Class     Delta

                reset_vec                      000000  000002  000002         0       0  CODE        2
                dataBANK0                      000020  000050  000070        20       1  BANK0       1
                cstackCOMMON                   000070  00000E  00007E        70       1  COMMON      1
                text1                          00066F  000002  000671       CDE       0  CODE        2
                text15                         000671  000004  000675       CE2       0  CODE        2
                text3                          000675  000004  000679       CEA       0  CODE        2
                text12                         000679  000005  00067E       CF2       0  CODE        2
                text10                         00067E  000005  000683       CFC       0  CODE        2
                text11                         000683  000006  000689       D06       0  CODE        2
                text9                          000689  000006  00068F       D12       0  CODE        2
                text5                          00068F  000006  000695       D1E       0  CODE        2
                text2                          000695  000006  00069B       D2A       0  CODE        2
                clrtext                        00069B  000006  0006A1       D36       0  CODE        2
                inittext                       0006A1  000006  0006A7       D42       0  CODE        2
                text7                          0006A7  000007  0006AE       D4E       0  CODE        2
                text16                         0006AE  00000B  0006B9       D5C       0  CODE        2
                text14                         0006B9  000011  0006CA       D72       0  CODE        2
                text4                          0006CA  000015  0006DF       D94       0  CODE        2
                text13                         0006DF  000016  0006F5       DBE       0  CODE        2
                text6                          0006F5  000016  00070B       DEA       0  CODE        2
                text8                          00070B  000027  000732       E16       0  CODE        2
                idataBANK0                     000732  00002E  000760       E64       0  CODE        2
                maintext                       000760  00008C  0007EC       EC0       0  CODE        2
                cinit                          0007EC  000014  000800       FD8       0  CODE        2


UNUSED ADDRESS RANGES

        Name                Unused          Largest block    Delta
        BANK1            000A0-000EF              50           1
        BANK2            00120-0016F              50           1
        BIGRAM           02000-020EF              F0           1
        CODE             00002-0066E             66D           2
        CONST            00002-0066E             100           2
        EEDATA           0F000-0F0FF             100           2
        ENTRY            00002-0066E             100           2
        IDLOC            08000-08003               4           2
        RAM              000A0-000EF              50           1
                         00120-0016F              50
        SFR0             00000-0001F              20           1
        SFR1             00080-0009F              20           1
        SFR10            00500-0056F              70           1
        SFR11            00580-005EF              70           1
        SFR12            00600-0066F              70           1
        SFR13            00680-006EF              70           1
        SFR14            00700-0076F              70           1
        SFR15            00780-007EF              70           1
        SFR16            00800-0086F              70           1
        SFR17            00880-008EF              70           1
        SFR18            00900-0096F              70           1
        SFR19            00980-009EF              70           1
        SFR2             00100-0011F              20           1
        SFR20            00A00-00A6F              70           1
        SFR21            00A80-00AEF              70           1
        SFR22            00B00-00B6F              70           1
        SFR23            00B80-00BEF              70           1
        SFR24            00C00-00C6F              70           1
        SFR25            00C80-00CEF              70           1
        SFR26            00D00-00D6F              70           1
        SFR27            00D80-00DEF              70           1
        SFR28            00E00-00E6F              70           1
        SFR29            00E80-00EEF              70           1
        SFR3             00180-001EF              70           1
        SFR30            00F00-00F6F              70           1
        SFR31            00F80-00FEF              70           1
        SFR4             00200-0026F              70           1
        SFR5             00280-002EF              70           1
        SFR6             00300-0036F              70           1
        SFR7             00380-003EF              70           1
        SFR8             00400-0046F              70           1
        SFR9             00480-004EF              70           1
        STRCODE          00002-0066E             66D           2
        STRING           00002-0066E             100           2

                                  Symbol Table

EUSART_SetErrorHandler@interruptHandler        cstackCOMMON 00070
EUSART_SetFramingErrorHandler@interruptHandler cstackCOMMON 00070
EUSART_SetOverrunErrorHandler@interruptHandler cstackCOMMON 00070
EUSART_SetRxInterruptHandler@interruptHandler  cstackCOMMON 00070
EUSART_Write@txData                            cstackCOMMON 00070
GrabCol@ColData                                cstackCOMMON 00078
GrabCol@column                                 cstackCOMMON 00076
GrabCol@i                                      cstackCOMMON 0007B
GrabCol@matrix                                 cstackCOMMON 00077
GrabCol@rows                                   cstackCOMMON 00074
TMR1_SetInterruptHandler@InterruptHandler      cstackCOMMON 00070
_ANSELA                                        (abs)        0018C
_ANSELB                                        (abs)        0018D
_APFCON0                                       (abs)        0011D
_APFCON1                                       (abs)        0011E
_AccessLine                                    bssCOMMON    0007C
_BAUDCON                                       (abs)        0019F
_BORCON                                        (abs)        00116
_EUSART_DefaultErrorHandler                    (abs)        00000
_EUSART_DefaultFramingErrorHandler             (abs)        00000
_EUSART_DefaultOverrunErrorHandler             (abs)        00000
_EUSART_ErrorHandler                           nvBANK0      00066
_EUSART_FramingErrorHandler                    nvBANK0      0006A
_EUSART_Initialize                             text8        0070B
_EUSART_OverrunErrorHandler                    nvBANK0      00068
_EUSART_Receive_ISR                            (abs)        00000
_EUSART_RxDefaultInterruptHandler              nvBANK0      0006E
_EUSART_SetErrorHandler                        text12       00679
_EUSART_SetFramingErrorHandler                 text11       00683
_EUSART_SetOverrunErrorHandler                 text10       0067E
_EUSART_SetRxInterruptHandler                  text9        00689
_EUSART_Write                                  text16       006AE
_EUSART_is_tx_done                             text15       00671
_GrabCol                                       text13       006DF
_INTCONbits                                    (abs)        0000B
_LATA                                          (abs)        0010C
_LATAbits                                      (abs)        0010C
_LATB                                          (abs)        0010D
_NewDataFlag                                   bssCOMMON    0007D
_OPTION_REGbits                                (abs)        00095
_OSCCON                                        (abs)        00099
_OSCILLATOR_Initialize                         text7        006A7
_OSCTUNE                                       (abs)        00098
_PIE1bits                                      (abs)        00091
_PIN_MANAGER_Initialize                        text6        006F5
_PIR1bits                                      (abs)        00011
_RCREG                                         (abs)        00199
_RCSTA                                         (abs)        0019D
_RCSTAbits                                     (abs)        0019D
_SPBRGH                                        (abs)        0019C
_SPBRGL                                        (abs)        0019B
_SYSTEM_Initialize                             text2        00695
_T1CON                                         (abs)        00018
_T1CONbits                                     (abs)        00018
_T1GCON                                        (abs)        00019
_TChar                                         dataBANK0    00045
_TMR1H                                         (abs)        00017
_TMR1L                                         (abs)        00016
_TMR1_DefaultInterruptHandler                  (abs)        00000
_TMR1_Initialize                               text4        006CA
_TMR1_InterruptHandler                         nvBANK0      0006C
_TMR1_SetInterruptHandler                      text5        0068F
_TMR1_StartTimer                               text1        0066F
_TRISA                                         (abs)        0008C
_TRISB                                         (abs)        0008D
_TXREG                                         (abs)        0019A
_TXSTA                                         (abs)        0019E
_TXSTAbits                                     (abs)        0019E
_WDTCON                                        (abs)        00097
_WDT_Initialize                                text3        00675
_WPUA                                          (abs)        0020C
_WPUB                                          (abs)        0020D
__H__absolute__                                __absolute__ 00000
__Habs1                                        abs1         00000
__Hbank0                                       bank0        00000
__Hbank1                                       bank1        00000
__Hbank10                                      bank10       00000
__Hbank11                                      bank11       00000
__Hbank12                                      bank12       00000
__Hbank13                                      bank13       00000
__Hbank14                                      bank14       00000
__Hbank15                                      bank15       00000
__Hbank16                                      bank16       00000
__Hbank17                                      bank17       00000
__Hbank18                                      bank18       00000
__Hbank19                                      bank19       00000
__Hbank2                                       bank2        00000
__Hbank20                                      bank20       00000
__Hbank21                                      bank21       00000
__Hbank22                                      bank22       00000
__Hbank23                                      bank23       00000
__Hbank24                                      bank24       00000
__Hbank25                                      bank25       00000
__Hbank26                                      bank26       00000
__Hbank27                                      bank27       00000
__Hbank28                                      bank28       00000
__Hbank29                                      bank29       00000
__Hbank3                                       bank3        00000
__Hbank30                                      bank30       00000
__Hbank31                                      bank31       00000
__Hbank4                                       bank4        00000
__Hbank5                                       bank5        00000
__Hbank6                                       bank6        00000
__Hbank7                                       bank7        00000
__Hbank8                                       bank8        00000
__Hbank9                                       bank9        00000
__Hbigram                                      bigram       00000
__HbssBANK0                                    bssBANK0     00000
__HbssCOMMON                                   bssCOMMON    00000
__Hcinit                                       cinit        00800
__Hclrtext                                     clrtext      00000
__Hcode                                        code         00000
__Hcommon                                      common       00000
__Hconfig                                      config       08009
__HcstackCOMMON                                cstackCOMMON 00000
__HdataBANK0                                   dataBANK0    00000
__Heeprom_data                                 eeprom_data  00000
__Hend_init                                    end_init     00002
__Hfunctab                                     functab      00000
__Hheap                                        heap         00000
__HidataBANK0                                  idataBANK0   00000
__Hinit                                        init         00001
__Hinittext                                    inittext     00000
__Hintentry                                    intentry     00001
__Hmaintext                                    maintext     00000
__HnvBANK0                                     nvBANK0      00000
__Hpowerup                                     powerup      00000
__Hram                                         ram          00000
__Hreset_vec                                   reset_vec    00001
__Hsfr0                                        sfr0         00000
__Hsfr1                                        sfr1         00000
__Hsfr10                                       sfr10        00000
__Hsfr11                                       sfr11        00000
__Hsfr12                                       sfr12        00000
__Hsfr13                                       sfr13        00000
__Hsfr14                                       sfr14        00000
__Hsfr15                                       sfr15        00000
__Hsfr16                                       sfr16        00000
__Hsfr17                                       sfr17        00000
__Hsfr18                                       sfr18        00000
__Hsfr19                                       sfr19        00000
__Hsfr2                                        sfr2         00000
__Hsfr20                                       sfr20        00000
__Hsfr21                                       sfr21        00000
__Hsfr22                                       sfr22        00000
__Hsfr23                                       sfr23        00000
__Hsfr24                                       sfr24        00000
__Hsfr25                                       sfr25        00000
__Hsfr26                                       sfr26        00000
__Hsfr27                                       sfr27        00000
__Hsfr28                                       sfr28        00000
__Hsfr29                                       sfr29        00000
__Hsfr3                                        sfr3         00000
__Hsfr30                                       sfr30        00000
__Hsfr31                                       sfr31        00000
__Hsfr4                                        sfr4         00000
__Hsfr5                                        sfr5         00000
__Hsfr6                                        sfr6         00000
__Hsfr7                                        sfr7         00000
__Hsfr8                                        sfr8         00000
__Hsfr9                                        sfr9         00000
__Hspace_0                                     (abs)        00800
__Hspace_1                                     (abs)        0007E
__Hspace_2                                     (abs)        00000
__Hspace_3                                     (abs)        00000
__Hspace_4                                     (abs)        10010
__Hstack                                       stack        00000
__Hstrings                                     strings      00000
__Htext                                        text         00000
__L__absolute__                                __absolute__ 00000
__Labs1                                        abs1         00000
__Lbank0                                       bank0        00000
__Lbank1                                       bank1        00000
__Lbank10                                      bank10       00000
__Lbank11                                      bank11       00000
__Lbank12                                      bank12       00000
__Lbank13                                      bank13       00000
__Lbank14                                      bank14       00000
__Lbank15                                      bank15       00000
__Lbank16                                      bank16       00000
__Lbank17                                      bank17       00000
__Lbank18                                      bank18       00000
__Lbank19                                      bank19       00000
__Lbank2                                       bank2        00000
__Lbank20                                      bank20       00000
__Lbank21                                      bank21       00000
__Lbank22                                      bank22       00000
__Lbank23                                      bank23       00000
__Lbank24                                      bank24       00000
__Lbank25                                      bank25       00000
__Lbank26                                      bank26       00000
__Lbank27                                      bank27       00000
__Lbank28                                      bank28       00000
__Lbank29                                      bank29       00000
__Lbank3                                       bank3        00000
__Lbank30                                      bank30       00000
__Lbank31                                      bank31       00000
__Lbank4                                       bank4        00000
__Lbank5                                       bank5        00000
__Lbank6                                       bank6        00000
__Lbank7                                       bank7        00000
__Lbank8                                       bank8        00000
__Lbank9                                       bank9        00000
__Lbigram                                      bigram       00000
__LbssBANK0                                    bssBANK0     00000
__LbssCOMMON                                   bssCOMMON    00000
__Lcinit                                       cinit        007EC
__Lclrtext                                     clrtext      00000
__Lcode                                        code         00000
__Lcommon                                      common       00000
__Lconfig                                      config       00000
__LcstackCOMMON                                cstackCOMMON 00000
__LdataBANK0                                   dataBANK0    00000
__Leeprom_data                                 eeprom_data  00000
__Lend_init                                    end_init     00001
__Lfunctab                                     functab      00000
__Lheap                                        heap         00000
__LidataBANK0                                  idataBANK0   00000
__Linit                                        init         00001
__Linittext                                    inittext     00000
__Lintentry                                    intentry     00001
__Lmaintext                                    maintext     00000
__LnvBANK0                                     nvBANK0      00000
__Lpowerup                                     powerup      00000
__Lram                                         ram          00000
__Lreset_vec                                   reset_vec    00000
__Lsfr0                                        sfr0         00000
__Lsfr1                                        sfr1         00000
__Lsfr10                                       sfr10        00000
__Lsfr11                                       sfr11        00000
__Lsfr12                                       sfr12        00000
__Lsfr13                                       sfr13        00000
__Lsfr14                                       sfr14        00000
__Lsfr15                                       sfr15        00000
__Lsfr16                                       sfr16        00000
__Lsfr17                                       sfr17        00000
__Lsfr18                                       sfr18        00000
__Lsfr19                                       sfr19        00000
__Lsfr2                                        sfr2         00000
__Lsfr20                                       sfr20        00000
__Lsfr21                                       sfr21        00000
__Lsfr22                                       sfr22        00000
__Lsfr23                                       sfr23        00000
__Lsfr24                                       sfr24        00000
__Lsfr25                                       sfr25        00000
__Lsfr26                                       sfr26        00000
__Lsfr27                                       sfr27        00000
__Lsfr28                                       sfr28        00000
__Lsfr29                                       sfr29        00000
__Lsfr3                                        sfr3         00000
__Lsfr30                                       sfr30        00000
__Lsfr31                                       sfr31        00000
__Lsfr4                                        sfr4         00000
__Lsfr5                                        sfr5         00000
__Lsfr6                                        sfr6         00000
__Lsfr7                                        sfr7         00000
__Lsfr8                                        sfr8         00000
__Lsfr9                                        sfr9         00000
__Lspace_0                                     (abs)        00000
__Lspace_1                                     (abs)        00000
__Lspace_2                                     (abs)        00000
__Lspace_3                                     (abs)        00000
__Lspace_4                                     (abs)        00000
__Lstack                                       stack        00000
__Lstrings                                     strings      00000
__Ltext                                        text         00000
__S0                                           (abs)        00800
__S1                                           (abs)        0007E
__S3                                           (abs)        00000
___bmul                                        text14       006B9
___bmul@multiplicand                           cstackCOMMON 00070
___bmul@multiplier                             cstackCOMMON 00073
___bmul@product                                cstackCOMMON 00072
___heap_hi                                     (abs)        00000
___heap_lo                                     (abs)        00000
___int_sp                                      stack        00000
___int_stack_hi                                stack        00000
___int_stack_lo                                stack        00000
___latbits                                     (abs)        00000
___sp                                          stack        00000
___stack_hi                                    stack        00000
___stack_lo                                    stack        00000
___stackhi                                     (abs)        00000
___stacklo                                     (abs)        00000
__end_of_EUSART_Initialize                     text8        00732
__end_of_EUSART_SetErrorHandler                text12       0067E
__end_of_EUSART_SetFramingErrorHandler         text11       00689
__end_of_EUSART_SetOverrunErrorHandler         text10       00683
__end_of_EUSART_SetRxInterruptHandler          text9        0068F
__end_of_EUSART_Write                          text16       006B9
__end_of_EUSART_is_tx_done                     text15       00675
__end_of_GrabCol                               text13       006F5
__end_of_OSCILLATOR_Initialize                 text7        006AE
__end_of_PIN_MANAGER_Initialize                text6        0070B
__end_of_SYSTEM_Initialize                     text2        0069B
__end_of_TMR1_Initialize                       text4        006DF
__end_of_TMR1_SetInterruptHandler              text5        00695
__end_of_TMR1_StartTimer                       text1        00671
__end_of_WDT_Initialize                        text3        00679
__end_of___bmul                                text14       006CA
__end_of__initialization                       cinit        007FE
__end_of_main                                  maintext     007EC
__initialization                               cinit        007EC
__pbssBANK0                                    bssBANK0     0004E
__pbssCOMMON                                   bssCOMMON    0007C
__pcstackCOMMON                                cstackCOMMON 00070
__pdataBANK0                                   dataBANK0    00020
__pidataBANK0                                  idataBANK0   00732
__pmaintext                                    maintext     00760
__pnvBANK0                                     nvBANK0      00066
__ptext1                                       text1        0066F
__ptext10                                      text10       0067E
__ptext11                                      text11       00683
__ptext12                                      text12       00679
__ptext13                                      text13       006DF
__ptext14                                      text14       006B9
__ptext15                                      text15       00671
__ptext16                                      text16       006AE
__ptext2                                       text2        00695
__ptext3                                       text3        00675
__ptext4                                       text4        006CA
__ptext5                                       text5        0068F
__ptext6                                       text6        006F5
__ptext7                                       text7        006A7
__ptext8                                       text8        0070B
__ptext9                                       text9        00689
_eusartRxBuffer                                bssBANK0     00056
_eusartRxCount                                 bssBANK0     00063
_eusartRxHead                                  bssBANK0     00065
_eusartRxLastError                             bssBANK0     00062
_eusartRxStatusBuffer                          bssBANK0     0004E
_eusartRxTail                                  bssBANK0     00064
_main                                          maintext     00760
_timer1ReloadVal                               bssBANK0     0005E
btemp                                          (abs)        0007E
clear_ram0                                     clrtext      0069B
end_of_initialization                          cinit        007FE
init_ram                                       inittext     006A1
intlevel0                                      functab      00000
intlevel1                                      functab      00000
intlevel2                                      functab      00000
intlevel3                                      functab      00000
intlevel4                                      functab      00000
intlevel5                                      functab      00000
reset_vec                                      reset_vec    00000
start                                          init         00001
start_initialization                           cinit        007EC
wtemp0                                         (abs)        0007E


MODULE INFORMATION

Module		Function		Class		Link	Load	Size
C:\Program Files\Microchip\xc8\v2.45\pic\sources\c99\common\Umul8.c
		___bmul        		CODE           	06B9	0000	17

C:\Program Files\Microchip\xc8\v2.45\pic\sources\c99\common\Umul8.c estimated size: 17

mcc_generated_files/pin_manager.c
		_PIN_MANAGER_Initialize		CODE           	06F5	0000	22

mcc_generated_files/pin_manager.c estimated size: 22

shared
		__initialization		CODE           	07EC	0000	18

shared estimated size: 18

mcc_generated_files/mcc.c
		_WDT_Initialize		CODE           	0675	0000	4
		_OSCILLATOR_Initialize		CODE           	06A7	0000	7
		_SYSTEM_Initialize		CODE           	0695	0000	6

mcc_generated_files/mcc.c estimated size: 17

mcc_generated_files/tmr1.c
		_TMR1_Initialize		CODE           	06CA	0000	21
		_TMR1_SetInterruptHandler		CODE           	068F	0000	6
		_TMR1_StartTimer		CODE           	066F	0000	2

mcc_generated_files/tmr1.c estimated size: 29

mcc_generated_files/eusart.c
		_EUSART_SetRxInterruptHandler		CODE           	0689	0000	6
		_EUSART_Write  		CODE           	06AE	0000	11
		_EUSART_is_tx_done		CODE           	0671	0000	4
		_EUSART_Initialize		CODE           	070B	0000	39
		_EUSART_SetFramingErrorHandler		CODE           	0683	0000	6
		_EUSART_SetErrorHandler		CODE           	0679	0000	5
		_EUSART_SetOverrunErrorHandler		CODE           	067E	0000	5

mcc_generated_files/eusart.c estimated size: 76

main.c
		_main          		CODE           	0760	0000	140
		_GrabCol       		CODE           	06DF	0000	22

main.c estimated size: 162

