Microchip MPLAB XC8 Compiler V2.45

Linker command line:

-W-3 \
  --edf=C:\Program Files\Microchip\xc8\v2.45\pic\dat\20230818022343_en.msgs \
  -cn -h+dist/Config_2/debug\PerfBoardClock.X.debug.sym \
  --cmf=dist/Config_2/debug\PerfBoardClock.X.debug.cmf -z -Q16LF1826 \
  -oC:\Users\Projects\AppData\Local\Temp\xcAs104g.\driver_tmp_3.o \
  --defsym=__MPLAB_BUILD=1 --fixupoverflow=error \
  -Mdist/Config_2/debug/PerfBoardClock.X.debug.map \
  --md=C:\Users\Projects\AppData\Local\Temp\xcAs104g.\driver_tmp_0.dat -E1 \
  -ver=XC8 Compiler --acfsm=1493 -ACODE=00h-07FFh -ASTRCODE=00h-07FFh \
  -ASTRING=00h-0FFhx8 -ACONST=00h-0FFhx8 -AENTRY=00h-0FFhx8 \
  -ACOMMON=070h-07Fh -ABANK0=020h-06Fh -ABANK1=0A0h-0EFh \
  -ABANK2=0120h-015Fh -ABIGRAM=02000h-020DFh \
  -ARAM=020h-06Fh,0A0h-0EFh,0120h-015Fh \
  -AABS1=020h-07Fh,0A0h-0EFh,0120h-016Fh -ASFR0=00h-01Fh -ASFR1=080h-09Fh \
  -ASFR2=0100h-011Fh -ASFR3=0180h-01EFh -ASFR4=0200h-026Fh \
  -ASFR5=0280h-02EFh -ASFR6=0300h-036Fh -ASFR7=0380h-03EFh \
  -ASFR8=0400h-046Fh -ASFR9=0480h-04EFh -ASFR10=0500h-056Fh \
  -ASFR11=0580h-05EFh -ASFR12=0600h-066Fh -ASFR13=0680h-06EFh \
  -ASFR14=0700h-076Fh -ASFR15=0780h-07EFh -ASFR16=0800h-086Fh \
  -ASFR17=0880h-08EFh -ASFR18=0900h-096Fh -ASFR19=0980h-09EFh \
  -ASFR20=0A00h-0A6Fh -ASFR21=0A80h-0AEFh -ASFR22=0B00h-0B6Fh \
  -ASFR23=0B80h-0BEFh -ASFR24=0C00h-0C6Fh -ASFR25=0C80h-0CEFh \
  -ASFR26=0D00h-0D6Fh -ASFR27=0D80h-0DEFh -ASFR28=0E00h-0E6Fh \
  -ASFR29=0E80h-0EEFh -ASFR30=0F00h-0F6Fh -ASFR31=0F80h-0FEFh \
  -ACONFIG=08007h-08008h -DCONFIG=2 -AIDLOC=08000h-08003h -DIDLOC=2 \
  -AEEDATA=00h-0FFh/0F000h -peeprom_data=EEDATA -DEEDATA=2 -DCODE=2 \
  -DSTRCODE=2 -DSTRING=2 -DCONST=2 -DENTRY=2 \
  -preset_vec=00h,intentry=04h,init,end_init -ppowerup=CODE -pcinit=CODE \
  -pfunctab=ENTRY -k \
  C:\Users\Projects\AppData\Local\Temp\xcAs104g.\driver_tmp_15.o \
  dist/Config_2/debug\PerfBoardClock.X.debug.o 

Object code version is 3.11

Machine type is 16LF1826



                Name                               Link     Load   Length Selector   Space Scale
C:\Users\Projects\AppData\Local\Temp\xcAs104g.\driver_tmp_15.o
                end_init                              C        C        1        8       0
                reset_vec                             0        0        1        0       0
                config                             8007     8007        2        0       4
dist/Config_2/debug\PerfBoardClock.X.debug.o
                cinit                                 D        D       1F        8       0
                intentry                              4        4        8        8       0
                config                             8007     8007        2        0       4
                text13                               C0       C0        1        8       0
                text12                               84       84        E        8       0
                text10                               B5       B5        5        8       0
                text9                                A5       A5        6        8       0
                text8                                B0       B0        5        8       0
                text7                                2C       2C       1B        8       0
                text6                                92       92        7        8       0
                text5                                47       47       17        8       0
                text4                                AB       AB        5        8       0
                text3                                73       73       11        8       0
                text2                                BA       BA        4        8       0
                text1                                9F       9F        6        8       0
                maintext                             BE       BE        2        8       0
                cstackCOMMON                         7C       7C        2       70       1
                inittext                             99       99        6        8       0
                dataBANK0                            20       20       15       20       1
                bssBANK0                             35       35        8       20       1
                bssCOMMON                            70       70        A       70       1
                nvBANK0                              3D       3D        6       20       1
                nvCOMMON                             7A       7A        2       70       1
                idataBANK0                           5E       5E       15        8       0

TOTAL           Name                               Link     Load   Length     Space
        CLASS   CODE           
                end_init                              C        C        1         0
                cinit                                 D        D       1F         0
                intentry                              4        4        8         0
                reset_vec                             0        0        1         0
                text13                               C0       C0        1         0
                text12                               84       84        E         0
                text10                               B5       B5        5         0
                text9                                A5       A5        6         0
                text8                                B0       B0        5         0
                text7                                2C       2C       1B         0
                text6                                92       92        7         0
                text5                                47       47       17         0
                text4                                AB       AB        5         0
                text3                                73       73       11         0
                text2                                BA       BA        4         0
                text1                                9F       9F        6         0
                maintext                             BE       BE        2         0
                inittext                             99       99        6         0
                idataBANK0                           5E       5E       15         0

        CLASS   STRCODE        

        CLASS   STRING         

        CLASS   CONST          

        CLASS   ENTRY          

        CLASS   COMMON         
                cstackCOMMON                         7C       7C        2         1
                bssCOMMON                            70       70        A         1
                nvCOMMON                             7A       7A        2         1

        CLASS   BANK0          
                dataBANK0                            20       20       15         1
                bssBANK0                             35       35        8         1
                nvBANK0                              3D       3D        6         1

        CLASS   BANK1          

        CLASS   BANK2          

        CLASS   BIGRAM         

        CLASS   RAM            

        CLASS   ABS1           
                abs_s1                               7E       7E        2         1

        CLASS   SFR0           

        CLASS   SFR1           

        CLASS   SFR2           

        CLASS   SFR3           

        CLASS   SFR4           

        CLASS   SFR5           

        CLASS   SFR6           

        CLASS   SFR7           

        CLASS   SFR8           

        CLASS   SFR9           

        CLASS   SFR10          

        CLASS   SFR11          

        CLASS   SFR12          

        CLASS   SFR13          

        CLASS   SFR14          

        CLASS   SFR15          

        CLASS   SFR16          

        CLASS   SFR17          

        CLASS   SFR18          

        CLASS   SFR19          

        CLASS   SFR20          

        CLASS   SFR21          

        CLASS   SFR22          

        CLASS   SFR23          

        CLASS   SFR24          

        CLASS   SFR25          

        CLASS   SFR26          

        CLASS   SFR27          

        CLASS   SFR28          

        CLASS   SFR29          

        CLASS   SFR30          

        CLASS   SFR31          

        CLASS   CONFIG         
                config                             8007     8007        2         4

        CLASS   IDLOC          

        CLASS   EEDATA         

        CLASS   BANK31         

        CLASS   BANK30         

        CLASS   BANK29         

        CLASS   BANK28         

        CLASS   BANK27         

        CLASS   BANK26         

        CLASS   BANK25         

        CLASS   BANK24         

        CLASS   BANK23         

        CLASS   BANK22         

        CLASS   BANK21         

        CLASS   BANK20         

        CLASS   BANK19         

        CLASS   BANK18         

        CLASS   BANK17         

        CLASS   BANK16         

        CLASS   BANK15         

        CLASS   BANK14         

        CLASS   BANK13         

        CLASS   BANK12         

        CLASS   BANK11         

        CLASS   BANK10         

        CLASS   BANK9          

        CLASS   BANK8          

        CLASS   BANK7          

        CLASS   BANK6          

        CLASS   BANK5          

        CLASS   BANK4          

        CLASS   BANK3          

        CLASS   HEAP           

        CLASS   STACK          



SEGMENTS        Name                           Load    Length   Top    Selector   Space  Class     Delta

                reset_vec                      000000  000001  000001         0       0  CODE        2
                intentry                       000004  0000BD  0000C1         8       0  CODE        2
                dataBANK0                      000020  000023  000043        20       1  BANK0       1
                bssCOMMON                      000070  00000E  00007E        70       1  COMMON      1


UNUSED ADDRESS RANGES

        Name                Unused          Largest block    Delta
        BANK0            00043-0006F              2D           1
        BANK1            000A0-000EF              50           1
        BANK2            00120-0015F              40           1
        BIGRAM           02000-020DF              E0           1
        CODE             00001-00003               3           2
                         000C1-007FF             73F
        CONST            00001-00003               3           2
                         000C1-007FF             100
        EEDATA           0F000-0F0FF             100           2
        ENTRY            00001-00003               3           2
                         000C1-007FF             100
        IDLOC            08000-08003               4           2
        RAM              00043-0006F              2D           1
                         000A0-000EF              50
                         00120-0015F              40
        SFR0             00000-0001F              20           1
        SFR1             00080-0009F              20           1
        SFR10            00500-0056F              70           1
        SFR11            00580-005EF              70           1
        SFR12            00600-0066F              70           1
        SFR13            00680-006EF              70           1
        SFR14            00700-0076F              70           1
        SFR15            00780-007EF              70           1
        SFR16            00800-0086F              70           1
        SFR17            00880-008EF              70           1
        SFR18            00900-0096F              70           1
        SFR19            00980-009EF              70           1
        SFR2             00100-0011F              20           1
        SFR20            00A00-00A6F              70           1
        SFR21            00A80-00AEF              70           1
        SFR22            00B00-00B6F              70           1
        SFR23            00B80-00BEF              70           1
        SFR24            00C00-00C6F              70           1
        SFR25            00C80-00CEF              70           1
        SFR26            00D00-00D6F              70           1
        SFR27            00D80-00DEF              70           1
        SFR28            00E00-00E6F              70           1
        SFR29            00E80-00EEF              70           1
        SFR3             00180-001EF              70           1
        SFR30            00F00-00F6F              70           1
        SFR31            00F80-00FEF              70           1
        SFR4             00200-0026F              70           1
        SFR5             00280-002EF              70           1
        SFR6             00300-0036F              70           1
        SFR7             00380-003EF              70           1
        SFR8             00400-0046F              70           1
        SFR9             00480-004EF              70           1
        STRCODE          00001-00003               3           2
                         000C1-007FF             73F
        STRING           00001-00003               3           2
                         000C1-007FF             100

                                  Symbol Table

EUSART_SetErrorHandler@interruptHandler        cstackCOMMON 0007C
EUSART_SetFramingErrorHandler@interruptHandler cstackCOMMON 0007C
EUSART_SetOverrunErrorHandler@interruptHandler cstackCOMMON 0007C
TMR0_SetInterruptHandler@InterruptHandler      cstackCOMMON 0007C
_ANSELA                                        (abs)        0018C
_ANSELB                                        (abs)        0018D
_APFCON0                                       (abs)        0011D
_APFCON1                                       (abs)        0011E
_BAUDCON                                       (abs)        0019F
_BORCON                                        (abs)        00116
_EUSART_DefaultErrorHandler                    (abs)        00000
_EUSART_DefaultFramingErrorHandler             (abs)        00000
_EUSART_DefaultOverrunErrorHandler             (abs)        00000
_EUSART_ErrorHandler                           nvBANK0      0003D
_EUSART_FramingErrorHandler                    nvBANK0      00041
_EUSART_Initialize                             text7        0002C
_EUSART_OverrunErrorHandler                    nvBANK0      0003F
_EUSART_SetErrorHandler                        text10       000B5
_EUSART_SetFramingErrorHandler                 text9        000A5
_EUSART_SetOverrunErrorHandler                 text8        000B0
_INTCONbits                                    (abs)        0000B
_INTERRUPT_InterruptManager                    intentry     00004
_LATA                                          (abs)        0010C
_LATB                                          (abs)        0010D
_OPTION_REG                                    (abs)        00095
_OPTION_REGbits                                (abs)        00095
_OSCCON                                        (abs)        00099
_OSCILLATOR_Initialize                         text6        00092
_OSCTUNE                                       (abs)        00098
_PIN_MANAGER_Initialize                        text5        00047
_RCSTA                                         (abs)        0019D
_SPBRGH                                        (abs)        0019C
_SPBRGL                                        (abs)        0019B
_SYSTEM_Initialize                             text1        0009F
_TMR0                                          (abs)        00015
_TMR0_DefaultInterruptHandler                  text13       000C0
_TMR0_ISR                                      text12       00084
_TMR0_Initialize                               text3        00073
_TMR0_InterruptHandler                         nvCOMMON     0007A
_TMR0_SetInterruptHandler                      text4        000AB
_TRISA                                         (abs)        0008C
_TRISB                                         (abs)        0008D
_TXSTA                                         (abs)        0019E
_WDTCON                                        (abs)        00097
_WDT_Initialize                                text2        000BA
_WPUA                                          (abs)        0020C
_WPUB                                          (abs)        0020D
__H__absolute__                                __absolute__ 00000
__Habs1                                        abs1         00000
__Hbank0                                       bank0        00000
__Hbank1                                       bank1        00000
__Hbank10                                      bank10       00000
__Hbank11                                      bank11       00000
__Hbank12                                      bank12       00000
__Hbank13                                      bank13       00000
__Hbank14                                      bank14       00000
__Hbank15                                      bank15       00000
__Hbank16                                      bank16       00000
__Hbank17                                      bank17       00000
__Hbank18                                      bank18       00000
__Hbank19                                      bank19       00000
__Hbank2                                       bank2        00000
__Hbank20                                      bank20       00000
__Hbank21                                      bank21       00000
__Hbank22                                      bank22       00000
__Hbank23                                      bank23       00000
__Hbank24                                      bank24       00000
__Hbank25                                      bank25       00000
__Hbank26                                      bank26       00000
__Hbank27                                      bank27       00000
__Hbank28                                      bank28       00000
__Hbank29                                      bank29       00000
__Hbank3                                       bank3        00000
__Hbank30                                      bank30       00000
__Hbank31                                      bank31       00000
__Hbank4                                       bank4        00000
__Hbank5                                       bank5        00000
__Hbank6                                       bank6        00000
__Hbank7                                       bank7        00000
__Hbank8                                       bank8        00000
__Hbank9                                       bank9        00000
__Hbigram                                      bigram       00000
__HbssBANK0                                    bssBANK0     00000
__HbssCOMMON                                   bssCOMMON    00000
__Hcinit                                       cinit        0002C
__Hclrtext                                     clrtext      00000
__Hcode                                        code         00000
__Hcommon                                      common       00000
__Hconfig                                      config       08009
__HcstackCOMMON                                cstackCOMMON 00000
__HdataBANK0                                   dataBANK0    00000
__Heeprom_data                                 eeprom_data  00000
__Hend_init                                    end_init     0000D
__Hfunctab                                     functab      00000
__Hheap                                        heap         00000
__HidataBANK0                                  idataBANK0   00000
__Hinit                                        init         0000C
__Hinittext                                    inittext     00000
__Hintentry                                    intentry     0000C
__Hmaintext                                    maintext     00000
__HnvBANK0                                     nvBANK0      00000
__HnvCOMMON                                    nvCOMMON     00000
__Hpowerup                                     powerup      00000
__Hram                                         ram          00000
__Hreset_vec                                   reset_vec    00001
__Hsfr0                                        sfr0         00000
__Hsfr1                                        sfr1         00000
__Hsfr10                                       sfr10        00000
__Hsfr11                                       sfr11        00000
__Hsfr12                                       sfr12        00000
__Hsfr13                                       sfr13        00000
__Hsfr14                                       sfr14        00000
__Hsfr15                                       sfr15        00000
__Hsfr16                                       sfr16        00000
__Hsfr17                                       sfr17        00000
__Hsfr18                                       sfr18        00000
__Hsfr19                                       sfr19        00000
__Hsfr2                                        sfr2         00000
__Hsfr20                                       sfr20        00000
__Hsfr21                                       sfr21        00000
__Hsfr22                                       sfr22        00000
__Hsfr23                                       sfr23        00000
__Hsfr24                                       sfr24        00000
__Hsfr25                                       sfr25        00000
__Hsfr26                                       sfr26        00000
__Hsfr27                                       sfr27        00000
__Hsfr28                                       sfr28        00000
__Hsfr29                                       sfr29        00000
__Hsfr3                                        sfr3         00000
__Hsfr30                                       sfr30        00000
__Hsfr31                                       sfr31        00000
__Hsfr4                                        sfr4         00000
__Hsfr5                                        sfr5         00000
__Hsfr6                                        sfr6         00000
__Hsfr7                                        sfr7         00000
__Hsfr8                                        sfr8         00000
__Hsfr9                                        sfr9         00000
__Hspace_0                                     (abs)        000C1
__Hspace_1                                     (abs)        0007E
__Hspace_2                                     (abs)        00000
__Hspace_3                                     (abs)        00000
__Hspace_4                                     (abs)        10010
__Hstack                                       stack        00000
__Hstrings                                     strings      00000
__Htext                                        text         00000
__L__absolute__                                __absolute__ 00000
__Labs1                                        abs1         00000
__Lbank0                                       bank0        00000
__Lbank1                                       bank1        00000
__Lbank10                                      bank10       00000
__Lbank11                                      bank11       00000
__Lbank12                                      bank12       00000
__Lbank13                                      bank13       00000
__Lbank14                                      bank14       00000
__Lbank15                                      bank15       00000
__Lbank16                                      bank16       00000
__Lbank17                                      bank17       00000
__Lbank18                                      bank18       00000
__Lbank19                                      bank19       00000
__Lbank2                                       bank2        00000
__Lbank20                                      bank20       00000
__Lbank21                                      bank21       00000
__Lbank22                                      bank22       00000
__Lbank23                                      bank23       00000
__Lbank24                                      bank24       00000
__Lbank25                                      bank25       00000
__Lbank26                                      bank26       00000
__Lbank27                                      bank27       00000
__Lbank28                                      bank28       00000
__Lbank29                                      bank29       00000
__Lbank3                                       bank3        00000
__Lbank30                                      bank30       00000
__Lbank31                                      bank31       00000
__Lbank4                                       bank4        00000
__Lbank5                                       bank5        00000
__Lbank6                                       bank6        00000
__Lbank7                                       bank7        00000
__Lbank8                                       bank8        00000
__Lbank9                                       bank9        00000
__Lbigram                                      bigram       00000
__LbssBANK0                                    bssBANK0     00000
__LbssCOMMON                                   bssCOMMON    00000
__Lcinit                                       cinit        0000D
__Lclrtext                                     clrtext      00000
__Lcode                                        code         00000
__Lcommon                                      common       00000
__Lconfig                                      config       00000
__LcstackCOMMON                                cstackCOMMON 00000
__LdataBANK0                                   dataBANK0    00000
__Leeprom_data                                 eeprom_data  00000
__Lend_init                                    end_init     0000C
__Lfunctab                                     functab      00000
__Lheap                                        heap         00000
__LidataBANK0                                  idataBANK0   00000
__Linit                                        init         0000C
__Linittext                                    inittext     00000
__Lintentry                                    intentry     00004
__Lmaintext                                    maintext     00000
__LnvBANK0                                     nvBANK0      00000
__LnvCOMMON                                    nvCOMMON     00000
__Lpowerup                                     powerup      00000
__Lram                                         ram          00000
__Lreset_vec                                   reset_vec    00000
__Lsfr0                                        sfr0         00000
__Lsfr1                                        sfr1         00000
__Lsfr10                                       sfr10        00000
__Lsfr11                                       sfr11        00000
__Lsfr12                                       sfr12        00000
__Lsfr13                                       sfr13        00000
__Lsfr14                                       sfr14        00000
__Lsfr15                                       sfr15        00000
__Lsfr16                                       sfr16        00000
__Lsfr17                                       sfr17        00000
__Lsfr18                                       sfr18        00000
__Lsfr19                                       sfr19        00000
__Lsfr2                                        sfr2         00000
__Lsfr20                                       sfr20        00000
__Lsfr21                                       sfr21        00000
__Lsfr22                                       sfr22        00000
__Lsfr23                                       sfr23        00000
__Lsfr24                                       sfr24        00000
__Lsfr25                                       sfr25        00000
__Lsfr26                                       sfr26        00000
__Lsfr27                                       sfr27        00000
__Lsfr28                                       sfr28        00000
__Lsfr29                                       sfr29        00000
__Lsfr3                                        sfr3         00000
__Lsfr30                                       sfr30        00000
__Lsfr31                                       sfr31        00000
__Lsfr4                                        sfr4         00000
__Lsfr5                                        sfr5         00000
__Lsfr6                                        sfr6         00000
__Lsfr7                                        sfr7         00000
__Lsfr8                                        sfr8         00000
__Lsfr9                                        sfr9         00000
__Lspace_0                                     (abs)        00000
__Lspace_1                                     (abs)        00000
__Lspace_2                                     (abs)        00000
__Lspace_3                                     (abs)        00000
__Lspace_4                                     (abs)        00000
__Lstack                                       stack        00000
__Lstrings                                     strings      00000
__Ltext                                        text         00000
__S0                                           (abs)        000C1
__S1                                           (abs)        0007E
__S3                                           (abs)        00000
___heap_hi                                     (abs)        00000
___heap_lo                                     (abs)        00000
___int_sp                                      stack        00000
___int_stack_hi                                stack        00000
___int_stack_lo                                stack        00000
___latbits                                     (abs)        00000
___sp                                          stack        00000
___stack_hi                                    stack        00000
___stack_lo                                    stack        00000
___stackhi                                     (abs)        00000
___stacklo                                     (abs)        00000
__end_of_EUSART_Initialize                     text7        00047
__end_of_EUSART_SetErrorHandler                text10       000BA
__end_of_EUSART_SetFramingErrorHandler         text9        000AB
__end_of_EUSART_SetOverrunErrorHandler         text8        000B5
__end_of_INTERRUPT_InterruptManager            intentry     0000C
__end_of_OSCILLATOR_Initialize                 text6        00099
__end_of_PIN_MANAGER_Initialize                text5        0005E
__end_of_SYSTEM_Initialize                     text1        000A5
__end_of_TMR0_DefaultInterruptHandler          text13       000C1
__end_of_TMR0_ISR                              text12       00092
__end_of_TMR0_Initialize                       text3        00084
__end_of_TMR0_SetInterruptHandler              text4        000B0
__end_of_WDT_Initialize                        text2        000BE
__end_of__initialization                       cinit        00029
__end_of_main                                  maintext     000C0
__initialization                               cinit        0000D
__pbssBANK0                                    bssBANK0     00035
__pbssCOMMON                                   bssCOMMON    00070
__pcstackCOMMON                                cstackCOMMON 0007C
__pdataBANK0                                   dataBANK0    00020
__pidataBANK0                                  idataBANK0   0005E
__pintentry                                    intentry     00004
__pmaintext                                    maintext     000BE
__pnvBANK0                                     nvBANK0      0003D
__pnvCOMMON                                    nvCOMMON     0007A
__ptext1                                       text1        0009F
__ptext10                                      text10       000B5
__ptext12                                      text12       00084
__ptext13                                      text13       000C0
__ptext2                                       text2        000BA
__ptext3                                       text3        00073
__ptext4                                       text4        000AB
__ptext5                                       text5        00047
__ptext6                                       text6        00092
__ptext7                                       text7        0002C
__ptext8                                       text8        000B0
__ptext9                                       text9        000A5
_eusartRxLastError                             bssCOMMON    00072
_main                                          maintext     000BE
_timer0ReloadVal                               bssCOMMON    00073
btemp                                          (abs)        0007E
end_of_initialization                          cinit        00029
init_ram                                       inittext     00099
int$flags                                      (abs)        0007E
intlevel0                                      functab      00000
intlevel1                                      functab      00000
intlevel2                                      functab      00000
intlevel3                                      functab      00000
intlevel4                                      functab      00000
intlevel5                                      functab      00000
reset_vec                                      reset_vec    00000
start                                          init         0000C
start_initialization                           cinit        0000D
wtemp0                                         (abs)        0007E


MODULE INFORMATION

Module		Function		Class		Link	Load	Size
mcc_generated_files/interrupt_manager.c
		_INTERRUPT_InterruptManager		CODE           	0004	0000	8

mcc_generated_files/interrupt_manager.c estimated size: 8

mcc_generated_files/tmr0.c
		_TMR0_SetInterruptHandler		CODE           	00AB	0000	5
		_TMR0_DefaultInterruptHandler		CODE           	00C0	0000	1
		_TMR0_ISR      		CODE           	0084	0000	14
		_TMR0_Initialize		CODE           	0073	0000	17

mcc_generated_files/tmr0.c estimated size: 37

mcc_generated_files/pin_manager.c
		_PIN_MANAGER_Initialize		CODE           	0047	0000	23

mcc_generated_files/pin_manager.c estimated size: 23

PerfBoardClock.c
		_main          		CODE           	00BE	0000	2

PerfBoardClock.c estimated size: 2

shared
		__initialization		CODE           	000D	0000	28

shared estimated size: 28

mcc_generated_files/mcc.c
		_WDT_Initialize		CODE           	00BA	0000	4
		_OSCILLATOR_Initialize		CODE           	0092	0000	7
		_SYSTEM_Initialize		CODE           	009F	0000	6

mcc_generated_files/mcc.c estimated size: 17

mcc_generated_files/eusart.c
		_EUSART_Initialize		CODE           	002C	0000	27
		_EUSART_SetFramingErrorHandler		CODE           	00A5	0000	6
		_EUSART_SetErrorHandler		CODE           	00B5	0000	5
		_EUSART_SetOverrunErrorHandler		CODE           	00B0	0000	5

mcc_generated_files/eusart.c estimated size: 43

